Archive member included because of file (symbol)

archival/lib.a(ar.o)          applets/built-in.o (ar_main)
archival/lib.a(bbunzip.o)     applets/built-in.o (unlzma_main)
archival/lib.a(tar.o)         applets/built-in.o (tar_main)
archival/lib.a(unzip.o)       applets/built-in.o (unzip_main)
archival/libunarchive/lib.a(data_extract_all.o)
                              archival/lib.a(ar.o) (data_extract_all)
archival/libunarchive/lib.a(data_extract_to_stdout.o)
                              archival/lib.a(ar.o) (data_extract_to_stdout)
archival/libunarchive/lib.a(data_skip.o)
                              archival/libunarchive/lib.a(data_extract_all.o) (data_skip)
archival/libunarchive/lib.a(decompress_unlzma.o)
                              archival/lib.a(bbunzip.o) (unlzma)
archival/libunarchive/lib.a(decompress_unzip.o)
                              archival/lib.a(unzip.o) (inflate_unzip)
archival/libunarchive/lib.a(filter_accept_list.o)
                              archival/lib.a(ar.o) (filter_accept_list)
archival/libunarchive/lib.a(filter_accept_reject_list.o)
                              archival/lib.a(tar.o) (filter_accept_reject_list)
archival/libunarchive/lib.a(find_list_entry.o)
                              archival/libunarchive/lib.a(filter_accept_reject_list.o) (find_list_entry2)
archival/libunarchive/lib.a(get_header_ar.o)
                              archival/lib.a(ar.o) (get_header_ar)
archival/libunarchive/lib.a(get_header_tar.o)
                              archival/lib.a(tar.o) (get_header_tar)
archival/libunarchive/lib.a(get_header_tar_bz2.o)
                              archival/lib.a(tar.o) (get_header_tar_bz2)
archival/libunarchive/lib.a(get_header_tar_gz.o)
                              archival/lib.a(tar.o) (get_header_tar_gz)
archival/libunarchive/lib.a(get_header_tar_lzma.o)
                              archival/lib.a(tar.o) (get_header_tar_lzma)
archival/libunarchive/lib.a(header_list.o)
                              archival/lib.a(ar.o) (header_list)
archival/libunarchive/lib.a(header_verbose_list.o)
                              archival/lib.a(tar.o) (header_verbose_list)
archival/libunarchive/lib.a(init_handle.o)
                              archival/lib.a(ar.o) (init_handle)
archival/libunarchive/lib.a(open_transformer.o)
                              archival/libunarchive/lib.a(get_header_tar_bz2.o) (open_transformer)
archival/libunarchive/lib.a(seek_by_jump.o)
                              archival/libunarchive/lib.a(init_handle.o) (seek_by_jump)
archival/libunarchive/lib.a(seek_by_read.o)
                              archival/lib.a(tar.o) (seek_by_read)
archival/libunarchive/lib.a(check_header_gzip.o)
                              archival/libunarchive/lib.a(get_header_tar_gz.o) (check_header_gzip_or_die)
archival/libunarchive/lib.a(data_align.o)
                              archival/libunarchive/lib.a(get_header_tar.o) (data_align)
archival/libunarchive/lib.a(decompress_bunzip2.o)
                              archival/libunarchive/lib.a(get_header_tar_bz2.o) (uncompressStream)
archival/libunarchive/lib.a(filter_accept_all.o)
                              archival/libunarchive/lib.a(init_handle.o) (filter_accept_all)
archival/libunarchive/lib.a(header_skip.o)
                              archival/libunarchive/lib.a(init_handle.o) (header_skip)
console-tools/lib.a(chvt.o)   applets/built-in.o (chvt_main)
console-tools/lib.a(clear.o)  applets/built-in.o (clear_main)
console-tools/lib.a(deallocvt.o)
                              applets/built-in.o (deallocvt_main)
console-tools/lib.a(dumpkmap.o)
                              applets/built-in.o (dumpkmap_main)
console-tools/lib.a(loadkmap.o)
                              applets/built-in.o (loadkmap_main)
console-tools/lib.a(openvt.o)
                              applets/built-in.o (openvt_main)
console-tools/lib.a(reset.o)  applets/built-in.o (reset_main)
console-tools/lib.a(resize.o)
                              applets/built-in.o (resize_main)
console-tools/lib.a(setconsole.o)
                              applets/built-in.o (setconsole_main)
console-tools/lib.a(setkeycodes.o)
                              applets/built-in.o (setkeycodes_main)
console-tools/lib.a(setlogcons.o)
                              applets/built-in.o (setlogcons_main)
coreutils/lib.a(basename.o)   applets/built-in.o (basename_main)
coreutils/lib.a(cat.o)        applets/built-in.o (cat_main)
coreutils/lib.a(catv.o)       applets/built-in.o (catv_main)
coreutils/lib.a(chgrp.o)      applets/built-in.o (chgrp_main)
coreutils/lib.a(chmod.o)      applets/built-in.o (chmod_main)
coreutils/lib.a(chown.o)      applets/built-in.o (chown_main)
coreutils/lib.a(chroot.o)     applets/built-in.o (chroot_main)
coreutils/lib.a(cksum.o)      applets/built-in.o (cksum_main)
coreutils/lib.a(cmp.o)        applets/built-in.o (cmp_main)
coreutils/lib.a(cp.o)         applets/built-in.o (cp_main)
coreutils/lib.a(cut.o)        applets/built-in.o (cut_main)
[...]
Memory Configuration

Name             Origin             Length             Attributes
*default*        0x00000000         0xffffffff

Linker script and memory map

LOAD /opt/lemonix/cdt/bin/../lib/gcc/arm-linux-gnueabi/4.1.1/../../../../arm-linux-gnueabi/lib/crt1.o
LOAD /opt/lemonix/cdt/bin/../lib/gcc/arm-linux-gnueabi/4.1.1/../../../../arm-linux-gnueabi/lib/crti.o
LOAD /opt/lemonix/cdt/bin/../lib/gcc/arm-linux-gnueabi/4.1.1/crtbegin.o
START GROUP
LOAD applets/built-in.o
LOAD archival/lib.a
LOAD archival/libunarchive/lib.a
LOAD console-tools/lib.a
LOAD coreutils/lib.a
LOAD coreutils/libcoreutils/lib.a
LOAD debianutils/lib.a
LOAD e2fsprogs/lib.a
LOAD editors/lib.a
LOAD findutils/lib.a
LOAD init/lib.a
LOAD libbb/lib.a
LOAD libpwdgrp/lib.a
LOAD loginutils/lib.a
LOAD miscutils/lib.a
LOAD modutils/lib.a
LOAD networking/lib.a
LOAD networking/libiproute/lib.a
LOAD networking/udhcp/lib.a
LOAD procps/lib.a
LOAD runit/lib.a
LOAD selinux/lib.a
LOAD shell/lib.a
LOAD sysklogd/lib.a
LOAD util-linux/lib.a
LOAD archival/built-in.o
LOAD archival/libunarchive/built-in.o
LOAD console-tools/built-in.o
LOAD coreutils/built-in.o
LOAD coreutils/libcoreutils/built-in.o
LOAD debianutils/built-in.o
LOAD e2fsprogs/built-in.o
LOAD editors/built-in.o
LOAD findutils/built-in.o
LOAD init/built-in.o
LOAD libbb/built-in.o
LOAD libpwdgrp/built-in.o
LOAD loginutils/built-in.o
LOAD miscutils/built-in.o
LOAD modutils/built-in.o
LOAD networking/built-in.o
LOAD networking/libiproute/built-in.o
LOAD networking/udhcp/built-in.o
LOAD procps/built-in.o
LOAD runit/built-in.o
LOAD selinux/built-in.o
LOAD shell/built-in.o
LOAD sysklogd/built-in.o
LOAD util-linux/built-in.o
END GROUP
START GROUP
LOAD /opt/lemonix/cdt/bin/../lib/gcc/arm-linux-gnueabi/4.1.1/../../../../arm-linux-gnueabi/lib/libcrypt.so
LOAD /opt/lemonix/cdt/bin/../lib/gcc/arm-linux-gnueabi/4.1.1/../../../../arm-linux-gnueabi/lib/libm.so
END GROUP
LOAD /opt/lemonix/cdt/bin/../lib/gcc/arm-linux-gnueabi/4.1.1/libgcc.a
LOAD /opt/lemonix/cdt/bin/../lib/gcc/arm-linux-gnueabi/4.1.1/../../../../arm-linux-gnueabi/lib/libgcc_s.so
LOAD /opt/lemonix/cdt/bin/../lib/gcc/arm-linux-gnueabi/4.1.1/../../../../arm-linux-gnueabi/lib/libc.so
START GROUP
LOAD /opt/lemonix/cdt/bin/../lib/gcc/arm-linux-gnueabi/4.1.1/../../../../arm-linux-gnueabi/lib/libc.so.6
LOAD /opt/lemonix/cdt/bin/../lib/gcc/arm-linux-gnueabi/4.1.1/../../../../arm-linux-gnueabi/lib/libc_nonshared.a
END GROUP
LOAD /opt/lemonix/cdt/bin/../lib/gcc/arm-linux-gnueabi/4.1.1/libgcc.a
LOAD /opt/lemonix/cdt/bin/../lib/gcc/arm-linux-gnueabi/4.1.1/../../../../arm-linux-gnueabi/lib/libgcc_s.so
LOAD /opt/lemonix/cdt/bin/../lib/gcc/arm-linux-gnueabi/4.1.1/crtend.o
LOAD /opt/lemonix/cdt/bin/../lib/gcc/arm-linux-gnueabi/4.1.1/../../../../arm-linux-gnueabi/lib/crtn.o
                0x00008000                PROVIDE (__executable_start, 0x8000)
                0x000080d4                . = (0x8000 + SIZEOF_HEADERS)

.interp         0x000080d4       0x13
 *(.interp)
 .interp        0x000080d4       0x13 /opt/lemonix/cdt/bin/../lib/gcc/arm-linux-gnueabi/4.1.1/../../../../arm-linux-gnueabi/lib/crti.o

.hash           0x000080e8      0xa0c
 *(.hash)
 .hash          0x000080e8      0xa0c /opt/lemonix/cdt/bin/../lib/gcc/arm-linux-gnueabi/4.1.1/../../../../arm-linux-gnueabi/lib/crti.o

.dynsym         0x00008af4     0x17a0
 *(.dynsym)
 .dynsym        0x00008af4     0x17a0 /opt/lemonix/cdt/bin/../lib/gcc/arm-linux-gnueabi/4.1.1/../../../../arm-linux-gnueabi/lib/crti.o

.dynstr         0x0000a294      0xc39
 *(.dynstr)
 .dynstr        0x0000a294      0xc39 /opt/lemonix/cdt/bin/../lib/gcc/arm-linux-gnueabi/4.1.1/../../../../arm-linux-gnueabi/lib/crti.o

.gnu.version    0x0000aece      0x2f4
 *(.gnu.version)
 .gnu.version   0x0000aece      0x2f4 /opt/lemonix/cdt/bin/../lib/gcc/arm-linux-gnueabi/4.1.1/../../../../arm-linux-gnueabi/lib/crti.o

.gnu.version_d  0x0000b1c4        0x0
 *(.gnu.version_d)
 .gnu.version_d
                0x00000000        0x0 /opt/lemonix/cdt/bin/../lib/gcc/arm-linux-gnueabi/4.1.1/../../../../arm-linux-gnueabi/lib/crti.o

.gnu.version_r  0x0000b1c4       0x80
 *(.gnu.version_r)
 .gnu.version_r
                0x0000b1c4       0x80 /opt/lemonix/cdt/bin/../lib/gcc/arm-linux-gnueabi/4.1.1/../../../../arm-linux-gnueabi/lib/crti.o

.rel.dyn        0x0000b244       0x50
 *(.rel.init)
 *(.rel.text .rel.text.* .rel.gnu.linkonce.t.*)
 *(.rel.fini)
 *(.rel.rodata .rel.rodata.* .rel.gnu.linkonce.r.*)
 *(.rel.data.rel.ro* .rel.gnu.linkonce.d.rel.ro.*)
 *(.rel.data .rel.data.* .rel.gnu.linkonce.d.*)
 *(.rel.tdata .rel.tdata.* .rel.gnu.linkonce.td.*)
 *(.rel.tbss .rel.tbss.* .rel.gnu.linkonce.tb.*)
 *(.rel.ctors)
 *(.rel.dtors)
 *(.rel.got)
 .rel.got       0x0000b244        0x8 /opt/lemonix/cdt/bin/../lib/gcc/arm-linux-gnueabi/4.1.1/../../../../arm-linux-gnueabi/lib/crti.o
 *(.rel.bss .rel.bss.* .rel.gnu.linkonce.b.*)
 .rel.bss       0x0000b24c       0x48 /opt/lemonix/cdt/bin/../lib/gcc/arm-linux-gnueabi/4.1.1/../../../../arm-linux-gnueabi/lib/crti.o

.rela.dyn
 *(.rela.init)
 *(.rela.text .rela.text.* .rela.gnu.linkonce.t.*)
 *(.rela.fini)
 *(.rela.rodata .rela.rodata.* .rela.gnu.linkonce.r.*)
 *(.rela.data .rela.data.* .rela.gnu.linkonce.d.*)
 *(.rela.tdata .rela.tdata.* .rela.gnu.linkonce.td.*)
 *(.rela.tbss .rela.tbss.* .rela.gnu.linkonce.tb.*)
 *(.rela.ctors)
 *(.rela.dtors)
 *(.rela.got)
 *(.rela.bss .rela.bss.* .rela.gnu.linkonce.b.*)

.rel.plt        0x0000b294      0xa98
 *(.rel.plt)
 .rel.plt       0x0000b294      0xa98 /opt/lemonix/cdt/bin/../lib/gcc/arm-linux-gnueabi/4.1.1/../../../../arm-linux-gnueabi/lib/crti.o

.rela.plt
 *(.rela.plt)

.init           0x0000bd2c       0x14
 *(.init)
 .init          0x0000bd2c        0xc /opt/lemonix/cdt/bin/../lib/gcc/arm-linux-gnueabi/4.1.1/../../../../arm-linux-gnueabi/lib/crti.o
                0x0000bd2c                _init
 .init          0x0000bd38        0x8 /opt/lemonix/cdt/bin/../lib/gcc/arm-linux-gnueabi/4.1.1/../../../../arm-linux-gnueabi/lib/crtn.o

.plt            0x0000bd40      0xff8
 *(.plt)
 .plt           0x0000bd40      0xff8 /opt/lemonix/cdt/bin/../lib/gcc/arm-linux-gnueabi/4.1.1/../../../../arm-linux-gnueabi/lib/crti.o
                0x0000bd54                recvfrom@@GLIBC_2.4
                0x0000bd60                div@@GLIBC_2.4
                0x0000bd6c                fflush@@GLIBC_2.4
                0x0000bd78                personality@@GLIBC_2.4
                0x0000bd84                lchown@@GLIBC_2.4
                0x0000bd90                statfs@@GLIBC_2.4
                0x0000bd9c                atof@@GLIBC_2.4
                0x0000bda8                dup2@@GLIBC_2.4
                0x0000bdb4                strcasecmp@@GLIBC_2.4
                0x0000bdc0                fgets@@GLIBC_2.4
                0x0000bdcc                _IO_getc@@GLIBC_2.4
                0x0000bdd8                ether_aton@@GLIBC_2.4
                0x0000bde4                ungetc@@GLIBC_2.4
                0x0000bdf0                grantpt@@GLIBC_2.4
                0x0000bdfc                sched_setscheduler@@GLIBC_2.4
                0x0000be08                vsnprintf@@GLIBC_2.4
                0x0000be14                umount2@@GLIBC_2.4
                0x0000be20                uname@@GLIBC_2.4
                0x0000be2c                setbuf@@GLIBC_2.4
                0x0000be38                strtoul@@GLIBC_2.4
                0x0000be44                __xstat@@GLIBC_2.4
                0x0000be50                fscanf@@GLIBC_2.4
                0x0000be5c                getprotobyname@@GLIBC_2.4
                0x0000be68                sigsuspend@@GLIBC_2.4
                0x0000be74                syscall@@GLIBC_2.4
                0x0000be80                strptime@@GLIBC_2.4
                0x0000be8c                mktime@@GLIBC_2.4
                0x0000be98                swapoff@@GLIBC_2.4
                0x0000bea4                accept@@GLIBC_2.4
                0x0000beb0                memset@@GLIBC_2.4
                0x0000bebc                getservbyport@@GLIBC_2.4
                0x0000bec8                __ctype_tolower_loc@@GLIBC_2.4
                0x0000bed4                closedir@@GLIBC_2.4
                0x0000bee0                putchar@@GLIBC_2.4
                0x0000beec                isatty@@GLIBC_2.4
                0x0000bef8                connect@@GLIBC_2.4
                0x0000bf04                getpeername@@GLIBC_2.4
                0x0000bf10                strchrnul@@GLIBC_2.4
                0x0000bf1c                _exit@@GLIBC_2.4
                0x0000bf28                strpbrk@@GLIBC_2.4
                0x0000bf34                strchr@@GLIBC_2.4
                0x0000bf40                puts@@GLIBC_2.4
                0x0000bf4c                mlock@@GLIBC_2.4
                0x0000bf58                getpagesize@@GLIBC_2.4
                0x0000bf64                bind@@GLIBC_2.4
                0x0000bf70                getuid@@GLIBC_2.4
                0x0000bf7c                abort@@GLIBC_2.4
                0x0000bf88                execvp@@GLIBC_2.4
                0x0000bf94                islower@@GLIBC_2.4
                0x0000bfa0                fseek@@GLIBC_2.4
                0x0000bfac                fchown@@GLIBC_2.4
                0x0000bfb8                cfsetispeed@@GLIBC_2.4
                0x0000bfc4                unlockpt@@GLIBC_2.4
                0x0000bfd0                strncmp@@GLIBC_2.4
                0x0000bfdc                sched_get_priority_max@@GLIBC_2.4
                0x0000bfe8                iscntrl@@GLIBC_2.4
                0x0000bff4                getdomainname@@GLIBC_2.4
                0x0000c000                ptsname@@GLIBC_2.4
                0x0000c00c                rand@@GLIBC_2.4
                0x0000c018                sysinfo@@GLIBC_2.4
                0x0000c024                mount@@GLIBC_2.4
                0x0000c030                strspn@@GLIBC_2.4
                0x0000c03c                fputs@@GLIBC_2.4
                0x0000c048                chown@@GLIBC_2.4
                0x0000c054                fcntl@@GLIBC_2.4
                0x0000c060                lseek@@GLIBC_2.4
                0x0000c06c                pututline@@GLIBC_2.4
                0x0000c078                socket@@GLIBC_2.4
                0x0000c084                strcat@@GLIBC_2.4
                0x0000c090                klogctl@@GLIBC_2.4
                0x0000c09c                pivot_root@@GLIBC_2.4
                0x0000c0a8                fileno@@GLIBC_2.4
                0x0000c0b4                cfgetospeed@@GLIBC_2.4
                0x0000c0c0                sethostname@@GLIBC_2.4
                0x0000c0cc                getrlimit@@GLIBC_2.4
                0x0000c0d8                isgraph@@GLIBC_2.4
                0x0000c0e4                rmdir@@GLIBC_2.4
                0x0000c0f0                getopt_long@@GLIBC_2.4
                0x0000c0fc                getgroups@@GLIBC_2.4
                0x0000c108                unsetenv@@GLIBC_2.4
                0x0000c114                gethostbyname@@GLIBC_2.4
                0x0000c120                fnmatch@@GLIBC_2.4
                0x0000c12c                setmntent@@GLIBC_2.4
                0x0000c138                pause@@GLIBC_2.4
                0x0000c144                sigaddset@@GLIBC_2.4
                0x0000c150                __libc_start_main@@GLIBC_2.4
                0x0000c15c                sigaction@@GLIBC_2.4
                0x0000c168                sched_getscheduler@@GLIBC_2.4
                0x0000c174                syslog@@GLIBC_2.4
                0x0000c180                ftruncate@@GLIBC_2.4
                0x0000c18c                isalpha@@GLIBC_2.4
                0x0000c198                memcpy@@GLIBC_2.4
                0x0000c1a4                sigemptyset@@GLIBC_2.4
                0x0000c1b0                closelog@@GLIBC_2.4
                0x0000c1bc                srand@@GLIBC_2.4
                0x0000c1c8                execlp@@GLIBC_2.4
                0x0000c1d4                setpgid@@GLIBC_2.4
                0x0000c1e0                ether_hostton@@GLIBC_2.4
                0x0000c1ec                vsyslog@@GLIBC_2.4
                0x0000c1f8                getutent@@GLIBC_2.4
                0x0000c204                getopt_long_only@@GLIBC_2.4
                0x0000c210                dprintf@@GLIBC_2.4
                0x0000c21c                raise@@GLIBC_2.4
                0x0000c228                unlink@@GLIBC_2.4
                0x0000c234                utime@@GLIBC_2.4
                0x0000c240                fchdir@@GLIBC_2.4
                0x0000c24c                lockf@@GLIBC_2.4
                0x0000c258                clearenv@@GLIBC_2.4
                0x0000c264                munmap@@GLIBC_2.4
                0x0000c270                umount@@GLIBC_2.4
                0x0000c27c                scandir@@GLIBC_2.4
                0x0000c288                tcflush@@GLIBC_2.4
                0x0000c294                kill@@GLIBC_2.4
                0x0000c2a0                daemon@@GLIBC_2.4
                0x0000c2ac                longjmp@@GLIBC_2.4
                0x0000c2b8                ioctl@@GLIBC_2.4
                0x0000c2c4                signal@@GLIBC_2.4
                0x0000c2d0                snprintf@@GLIBC_2.4
                0x0000c2dc                dirname@@GLIBC_2.4
                0x0000c2e8                readdir@@GLIBC_2.4
                0x0000c2f4                tcsetattr@@GLIBC_2.4
                0x0000c300                getopt@@GLIBC_2.4
                0x0000c30c                setsid@@GLIBC_2.4
                0x0000c318                strcmp@@GLIBC_2.4
                0x0000c324                clock@@GLIBC_2.4
                0x0000c330                tcsetpgrp@@GLIBC_2.4
                0x0000c33c                sendto@@GLIBC_2.4
                0x0000c348                strrchr@@GLIBC_2.4
                0x0000c354                ctime@@GLIBC_2.4
                0x0000c360                times@@GLIBC_2.4
                0x0000c36c                isupper@@GLIBC_2.4
                0x0000c378                getpid@@GLIBC_2.4
                0x0000c384                crypt@@GLIBC_2.4
                0x0000c390                strdup@@GLIBC_2.4
                0x0000c39c                perror@@GLIBC_2.4
                0x0000c3a8                sigdelset@@GLIBC_2.4
                0x0000c3b4                write@@GLIBC_2.4
                0x0000c3c0                getnetbyname@@GLIBC_2.4
                0x0000c3cc                malloc@@GLIBC_2.4
                0x0000c3d8                isprint@@GLIBC_2.4
                0x0000c3e4                ftello@@GLIBC_2.4
                0x0000c3f0                execl@@GLIBC_2.4
                0x0000c3fc                gettimeofday@@GLIBC_2.4
                0x0000c408                setlinebuf@@GLIBC_2.4
                0x0000c414                fchmod@@GLIBC_2.4
                0x0000c420                gethostname@@GLIBC_2.4
                0x0000c42c                stime@@GLIBC_2.4
                0x0000c438                mmap@@GLIBC_2.4
                0x0000c444                strlen@@GLIBC_2.4
                0x0000c450                symlink@@GLIBC_2.4
                0x0000c45c                strnlen@@GLIBC_2.4
                0x0000c468                regcomp@@GLIBC_2.4
                0x0000c474                getgid@@GLIBC_2.4
                0x0000c480                regerror@@GLIBC_2.4
                0x0000c48c                __ctype_toupper_loc@@GLIBC_2.4
                0x0000c498                sigfillset@@GLIBC_2.4
                0x0000c4a4                regfree@@GLIBC_2.4
                0x0000c4b0                getservbyname@@GLIBC_2.4
                0x0000c4bc                reboot@@GLIBC_2.4
                0x0000c4c8                __cxa_atexit@@GLIBC_2.4
                0x0000c4d4                setitimer@@GLIBC_2.4
                0x0000c4e0                vasprintf@@GLIBC_2.4
                0x0000c4ec                sync@@GLIBC_2.4
                0x0000c4f8                send@@GLIBC_2.4
                0x0000c504                setpgrp@@GLIBC_2.4
                0x0000c510                strstr@@GLIBC_2.4
                0x0000c51c                wait4@@GLIBC_2.4
                0x0000c528                isalnum@@GLIBC_2.4
                0x0000c534                fwrite@@GLIBC_2.4
                0x0000c540                gethostid@@GLIBC_2.4
                0x0000c54c                gmtime@@GLIBC_2.4
                0x0000c558                __errno_location@@GLIBC_2.4
                0x0000c564                execve@@GLIBC_2.4
                0x0000c570                inet_addr@@GLIBC_2.4
                0x0000c57c                mkdtemp@@GLIBC_2.4
                0x0000c588                getsockname@@GLIBC_2.4
                0x0000c594                hstrerror@@GLIBC_2.4
                0x0000c5a0                endmntent@@GLIBC_2.4
                0x0000c5ac                getmntent@@GLIBC_2.4
                0x0000c5b8                setrlimit@@GLIBC_2.4
                0x0000c5c4                strncpy@@GLIBC_2.4
                0x0000c5d0                qsort@@GLIBC_2.4
                0x0000c5dc                execle@@GLIBC_2.4
                0x0000c5e8                alphasort@@GLIBC_2.4
                0x0000c5f4                vprintf@@GLIBC_2.4
                0x0000c600                strtol@@GLIBC_2.4
                0x0000c60c                tcgetpgrp@@GLIBC_2.4
                0x0000c618                cfsetospeed@@GLIBC_2.4
                0x0000c624                chroot@@GLIBC_2.4
                0x0000c630                strcpy@@GLIBC_2.4
                0x0000c63c                mkfifo@@GLIBC_2.4
                0x0000c648                ether_ntoa@@GLIBC_2.4
                0x0000c654                getcwd@@GLIBC_2.4
                0x0000c660                __h_errno_location@@GLIBC_2.4
                0x0000c66c                atoi@@GLIBC_2.4
                0x0000c678                mkstemp@@GLIBC_2.4
                0x0000c684                getusershell@@GLIBC_2.4
                0x0000c690                getsid@@GLIBC_2.4
                0x0000c69c                __xmknod@@GLIBC_2.4
                0x0000c6a8                remove@@GLIBC_2.4
                0x0000c6b4                realpath@@GLIBC_2.4
                0x0000c6c0                freeaddrinfo@@GLIBC_2.4
                0x0000c6cc                bsearch@@GLIBC_2.4
                0x0000c6d8                feof@@GLIBC_2.4
                0x0000c6e4                sprintf@@GLIBC_2.4
                0x0000c6f0                _IO_putc@@GLIBC_2.4
                0x0000c6fc                strncasecmp@@GLIBC_2.4
                0x0000c708                regexec@@GLIBC_2.4
                0x0000c714                getenv@@GLIBC_2.4
                0x0000c720                strsignal@@GLIBC_2.4
                0x0000c72c                endutent@@GLIBC_2.4
                0x0000c738                isblank@@GLIBC_2.4
                0x0000c744                fprintf@@GLIBC_2.4
                0x0000c750                openlog@@GLIBC_2.4
                0x0000c75c                open@@GLIBC_2.4
                0x0000c768                strftime@@GLIBC_2.4
                0x0000c774                fsync@@GLIBC_2.4
                0x0000c780                umask@@GLIBC_2.4
                0x0000c78c                chmod@@GLIBC_2.4
                0x0000c798                tcgetattr@@GLIBC_2.4
                0x0000c7a4                tolower@@GLIBC_2.4
                0x0000c7b0                sscanf@@GLIBC_2.4
                0x0000c7bc                readlink@@GLIBC_2.4
                0x0000c7c8                setgid@@GLIBC_2.4
                0x0000c7d4                isspace@@GLIBC_2.4
                0x0000c7e0                getlogin@@GLIBC_2.4
                0x0000c7ec                inet_aton@@GLIBC_2.4
                0x0000c7f8                getpriority@@GLIBC_2.4
                0x0000c804                tzset@@GLIBC_2.4
                0x0000c810                rewind@@GLIBC_2.4
                0x0000c81c                sleep@@GLIBC_2.4
                0x0000c828                realloc@@GLIBC_2.4
                0x0000c834                mkdir@@GLIBC_2.4
                0x0000c840                setgroups@@GLIBC_2.4
                0x0000c84c                setpriority@@GLIBC_2.4
                0x0000c858                if_nametoindex@@GLIBC_2.4
                0x0000c864                fgetc@@GLIBC_2.4
                0x0000c870                semctl@@GLIBC_2.4
                0x0000c87c                utmpname@@GLIBC_2.4
                0x0000c888                cfgetispeed@@GLIBC_2.4
                0x0000c894                scanf@@GLIBC_2.4
                0x0000c8a0                getmntent_r@@GLIBC_2.4
                0x0000c8ac                freopen@@GLIBC_2.4
                0x0000c8b8                access@@GLIBC_2.4
                0x0000c8c4                localtime@@GLIBC_2.4
                0x0000c8d0                getitimer@@GLIBC_2.4
                0x0000c8dc                sigprocmask@@GLIBC_2.4
                0x0000c8e8                killpg@@GLIBC_2.4
                0x0000c8f4                getnetbyaddr@@GLIBC_2.4
                0x0000c900                difftime@@GLIBC_2.4
                0x0000c90c                sched_get_priority_min@@GLIBC_2.4
                0x0000c918                ferror@@GLIBC_2.4
                0x0000c924                memmove@@GLIBC_2.4
                0x0000c930                setutent@@GLIBC_2.4
                0x0000c93c                exit@@GLIBC_2.4
                0x0000c948                setsockopt@@GLIBC_2.4
                0x0000c954                strcasestr@@GLIBC_2.4
                0x0000c960                ispunct@@GLIBC_2.4
                0x0000c96c                link@@GLIBC_2.4
                0x0000c978                free@@GLIBC_2.4
                0x0000c984                fdopen@@GLIBC_2.4
                0x0000c990                strerror@@GLIBC_2.4
                0x0000c99c                select@@GLIBC_2.4
                0x0000c9a8                getaddrinfo@@GLIBC_2.4
                0x0000c9b4                execv@@GLIBC_2.4
                0x0000c9c0                fseeko@@GLIBC_2.4
                0x0000c9cc                clearerr@@GLIBC_2.4
                0x0000c9d8                strtoll@@GLIBC_2.4
                0x0000c9e4                getchar@@GLIBC_2.4
                0x0000c9f0                gethostbyaddr@@GLIBC_2.4
                0x0000c9fc                inet_pton@@GLIBC_2.4
                0x0000ca08                shmget@@GLIBC_2.4
                0x0000ca14                msgctl@@GLIBC_2.4
                0x0000ca20                setuid@@GLIBC_2.4
                0x0000ca2c                read@@GLIBC_2.4
                0x0000ca38                recvmsg@@GLIBC_2.4
                0x0000ca44                strtok@@GLIBC_2.4
                0x0000ca50                updwtmp@@GLIBC_2.4
                0x0000ca5c                time@@GLIBC_2.4
                0x0000ca68                vfprintf@@GLIBC_2.4
                0x0000ca74                inet_ntop@@GLIBC_2.4
                0x0000ca80                fork@@GLIBC_2.4
                0x0000ca8c                inet_ntoa@@GLIBC_2.4
                0x0000ca98                close@@GLIBC_2.4
                0x0000caa4                memcmp@@GLIBC_2.4
                0x0000cab0                _setjmp@@GLIBC_2.4
                0x0000cabc                vfork@@GLIBC_2.4
                0x0000cac8                __xpg_basename@@GLIBC_2.4
                0x0000cad4                wait3@@GLIBC_2.4
                0x0000cae0                putenv@@GLIBC_2.4
                0x0000caec                getpgrp@@GLIBC_2.4
                0x0000caf8                swapon@@GLIBC_2.4
                0x0000cb04                rename@@GLIBC_2.4
                0x0000cb10                munlock@@GLIBC_2.4
                0x0000cb1c                socketpair@@GLIBC_2.4
                0x0000cb28                __fxstat@@GLIBC_2.4
                0x0000cb34                endusershell@@GLIBC_2.4
                0x0000cb40                setenv@@GLIBC_2.4
                0x0000cb4c                sched_getparam@@GLIBC_2.4
                0x0000cb58                chdir@@GLIBC_2.4
                0x0000cb64                recv@@GLIBC_2.4
                0x0000cb70                semget@@GLIBC_2.4
                0x0000cb7c                getppid@@GLIBC_2.4
                0x0000cb88                fclose@@GLIBC_2.4
                0x0000cb94                setusershell@@GLIBC_2.4
                0x0000cba0                fopen@@GLIBC_2.4
                0x0000cbac                pow@@GLIBC_2.4
                0x0000cbb8                strsep@@GLIBC_2.4
                0x0000cbc4                msgget@@GLIBC_2.4
                0x0000cbd0                geteuid@@GLIBC_2.4
                0x0000cbdc                cfmakeraw@@GLIBC_2.4
                0x0000cbe8                strtod@@GLIBC_2.4
                0x0000cbf4                fread@@GLIBC_2.4
                0x0000cc00                strcspn@@GLIBC_2.4
                0x0000cc0c                vdprintf@@GLIBC_2.4
                0x0000cc18                listen@@GLIBC_2.4
                0x0000cc24                getegid@@GLIBC_2.4
                0x0000cc30                shmctl@@GLIBC_2.4
                0x0000cc3c                sysconf@@GLIBC_2.4
                0x0000cc48                __res_state@@GLIBC_2.4
                0x0000cc54                sched_yield@@GLIBC_2.4
                0x0000cc60                __lxstat@@GLIBC_2.4
                0x0000cc6c                settimeofday@@GLIBC_2.4
                0x0000cc78                usleep@@GLIBC_2.4
                0x0000cc84                sendmsg@@GLIBC_2.4
                0x0000cc90                fputc@@GLIBC_2.4
                0x0000cc9c                pipe@@GLIBC_2.4
                0x0000cca8                system@@GLIBC_2.4
                0x0000ccb4                strtoull@@GLIBC_2.4
                0x0000ccc0                creat@@GLIBC_2.4
                0x0000cccc                __res_init@@GLIBC_2.4
                0x0000ccd8                printf@@GLIBC_2.4
                0x0000cce4                alarm@@GLIBC_2.4
                0x0000ccf0                ttyname@@GLIBC_2.4
                0x0000ccfc                getnameinfo@@GLIBC_2.4
                0x0000cd08                wait@@GLIBC_2.4
                0x0000cd14                waitpid@@GLIBC_2.4
                0x0000cd20                opendir@@GLIBC_2.4
                0x0000cd2c                dup@@GLIBC_2.4

.text           0x0000cd38    0x67554
 *(.text .stub .text.* .gnu.linkonce.t.*)
 .text          0x0000cd38       0x38 /opt/lemonix/cdt/bin/../lib/gcc/arm-linux-gnueabi/4.1.1/../../../../arm-linux-gnueabi/lib/crt1.o
                0x0000cd38                _start
 .text          0x0000cd70       0x2c /opt/lemonix/cdt/bin/../lib/gcc/arm-linux-gnueabi/4.1.1/../../../../arm-linux-gnueabi/lib/crti.o
 .text          0x0000cd9c       0x9c /opt/lemonix/cdt/bin/../lib/gcc/arm-linux-gnueabi/4.1.1/crtbegin.o
 .text.applet_name_compare
                0x0000ce38        0x8 applets/built-in.o
 .text.find_applet_by_name
                0x0000ce40       0x30 applets/built-in.o
                0x0000ce40                find_applet_by_name
 .text.bb_show_usage
                0x0000ce70       0x98 applets/built-in.o
                0x0000ce70                bb_show_usage
 .text.run_applet_by_name
                0x0000cf08       0xfc applets/built-in.o
                0x0000cf08                run_applet_by_name
 .text.busybox_main
                0x0000d004      0x238 applets/built-in.o
                0x0000d004                busybox_main
 .text.main     0x0000d23c       0x74 applets/built-in.o
                0x0000d23c                main
 .text.ar_main  0x0000d2b0      0x178 archival/lib.a(ar.o)
                0x0000d2b0                ar_main
 .text.header_verbose_list_ar
                0x0000d428       0x78 archival/lib.a(ar.o)
 .text.unpack_unlzma
                0x0000d4a0        0xc archival/lib.a(bbunzip.o)
 .text.make_new_name_unlzma
                0x0000d4ac       0x48 archival/lib.a(bbunzip.o)
 .text.open_to_or_warn
                0x0000d4f4       0x74 archival/lib.a(bbunzip.o)
 .text.bbunpack
                0x0000d568      0x204 archival/lib.a(bbunzip.o)
                0x0000d568                bbunpack
 .text.unlzma_main
                0x0000d76c       0x64 archival/lib.a(bbunzip.o)
                0x0000d76c                unlzma_main
 .text.append_file_list_to_list
                0x0000d7d0       0x90 archival/lib.a(tar.o)
 .text.writeTarFile
                0x0000d860      0x304 archival/lib.a(tar.o)
 .text.tar_main
                0x0000db64      0x3a4 archival/lib.a(tar.o)
                0x0000db64                tar_main
 .text.putOctal
                0x0000df08       0x58 archival/lib.a(tar.o)
 .text.chksum_and_xwrite
                0x0000df60       0x78 archival/lib.a(tar.o)
 .text.writeLongname
                0x0000dfd8       0xe0 archival/lib.a(tar.o)
 .text.writeFileToTarball
                0x0000e0b8      0x5f4 archival/lib.a(tar.o)
 .text.unzip_create_leading_dirs
                0x0000e6ac       0x40 archival/lib.a(unzip.o)
 .text.unzip_skip
                0x0000e6ec       0x50 archival/lib.a(unzip.o)
 .text.unzip_main
                0x0000e73c      0x7b0 archival/lib.a(unzip.o)
                0x0000e73c                unzip_main
 .text.data_extract_all
                0x0000eeec      0x328 archival/libunarchive/lib.a(data_extract_all.o)
                0x0000eeec                data_extract_all
 .text.data_extract_to_stdout
                0x0000f214       0x14 archival/libunarchive/lib.a(data_extract_to_stdout.o)
                0x0000f214                data_extract_to_stdout
 .text.data_skip
                0x0000f228       0x20 archival/libunarchive/lib.a(data_skip.o)
                0x0000f228                data_skip
 .text.rc_update_bit_0
                0x0000f248       0x1c archival/libunarchive/lib.a(decompress_unlzma.o)
 .text.rc_update_bit_1
                0x0000f264       0x2c archival/libunarchive/lib.a(decompress_unlzma.o)
 .text.rc_read  0x0000f290       0x4c archival/libunarchive/lib.a(decompress_unlzma.o)
 .text.rc_do_normalize
                0x0000f2dc       0x40 archival/libunarchive/lib.a(decompress_unlzma.o)
 .text.rc_is_bit_0_helper
                0x0000f31c       0x3c archival/libunarchive/lib.a(decompress_unlzma.o)
 .text.rc_get_bit
                0x0000f358       0x64 archival/libunarchive/lib.a(decompress_unlzma.o)
 .text.rc_bit_tree_decode
                0x0000f3bc       0x54 archival/libunarchive/lib.a(decompress_unlzma.o)
 .text.unlzma   0x0000f410      0xad0 archival/libunarchive/lib.a(decompress_unlzma.o)
                0x0000f410                unlzma
 .text.inflate_codes_setup
                0x0000fee0       0x54 archival/libunarchive/lib.a(decompress_unzip.o)
 .text.calculate_gunzip_crc
                0x0000ff34       0x4c archival/libunarchive/lib.a(decompress_unzip.o)
 .text.huft_free
                0x0000ff80       0x24 archival/libunarchive/lib.a(decompress_unzip.o)
 .text.alloc_state
                0x0000ffa4       0x30 archival/libunarchive/lib.a(decompress_unzip.o)
 .text.fill_bitbuffer
                0x0000ffd4       0xac archival/libunarchive/lib.a(decompress_unzip.o)
 .text.huft_build
                0x00010080      0x56c archival/libunarchive/lib.a(decompress_unzip.o)
 .text.inflate_unzip_internal
                0x000105ec      0xcbc archival/libunarchive/lib.a(decompress_unzip.o)
 .text.inflate_gunzip
                0x000112a8      0x114 archival/libunarchive/lib.a(decompress_unzip.o)
                0x000112a8                inflate_gunzip
 .text.inflate_unzip
                0x000113bc       0x64 archival/libunarchive/lib.a(decompress_unzip.o)
                0x000113bc                inflate_unzip
 .text.filter_accept_list
                0x00011420       0x28 archival/libunarchive/lib.a(filter_accept_list.o)
                0x00011420                filter_accept_list
 .text.filter_accept_reject_list
                0x00011448       0x58 archival/libunarchive/lib.a(filter_accept_reject_list.o)
                0x00011448                filter_accept_reject_list
 .text.find_list_entry2
                0x000114a0       0xb4 archival/libunarchive/lib.a(find_list_entry.o)
                0x000114a0                find_list_entry2
 .text.find_list_entry
                0x00011554       0x44 archival/libunarchive/lib.a(find_list_entry.o)
                0x00011554                find_list_entry
 .text.get_header_ar
                0x00011598      0x1e4 archival/libunarchive/lib.a(get_header_ar.o)
                0x00011598                get_header_ar
 .text.getOctal
                0x0001177c       0x4c archival/libunarchive/lib.a(get_header_tar.o)
 .text.get_header_tar
                0x000117c8      0x510 archival/libunarchive/lib.a(get_header_tar.o)
                0x000117c8                get_header_tar
 .text.get_header_tar_bz2
                0x00011cd8       0x48 archival/libunarchive/lib.a(get_header_tar_bz2.o)
                0x00011cd8                get_header_tar_bz2
 .text.get_header_tar_gz
                0x00011d20       0x8c archival/libunarchive/lib.a(get_header_tar_gz.o)
                0x00011d20                get_header_tar_gz
 .text.get_header_tar_lzma
                0x00011dac       0x48 archival/libunarchive/lib.a(get_header_tar_lzma.o)
                0x00011dac                get_header_tar_lzma
 .text.header_list
                0x00011df4        0x8 archival/libunarchive/lib.a(header_list.o)
                0x00011df4                header_list
 .text.header_verbose_list
                0x00011dfc       0xb0 archival/libunarchive/lib.a(header_verbose_list.o)
                0x00011dfc                header_verbose_list
 .text.init_handle
                0x00011eac       0x54 archival/libunarchive/lib.a(init_handle.o)
                0x00011eac                init_handle
 .text.open_transformer
                0x00011f00       0x8c archival/libunarchive/lib.a(open_transformer.o)
                0x00011f00                open_transformer
 .text.seek_by_jump
                0x00011f8c       0x30 archival/libunarchive/lib.a(seek_by_jump.o)
                0x00011f8c                seek_by_jump
 .text.seek_by_read
                0x00011fbc       0x14 archival/libunarchive/lib.a(seek_by_read.o)
                0x00011fbc                seek_by_read
 .text.check_header_gzip_or_die
                0x00011fd0       0xc8 archival/libunarchive/lib.a(check_header_gzip.o)
                0x00011fd0                check_header_gzip_or_die
 .text.data_align
                0x00012098       0x50 archival/libunarchive/lib.a(data_align.o)
                0x00012098                data_align
 .text.get_bits
                0x000120e8       0xdc archival/libunarchive/lib.a(decompress_bunzip2.o)
 .text.start_bunzip
                0x000121c4       0xf0 archival/libunarchive/lib.a(decompress_bunzip2.o)
 .text.get_next_block
                0x000122b4      0x858 archival/libunarchive/lib.a(decompress_bunzip2.o)
 .text.uncompressStream
                0x00012b0c      0x29c archival/libunarchive/lib.a(decompress_bunzip2.o)
                0x00012b0c                uncompressStream
 .text.filter_accept_all
                0x00012da8       0x14 archival/libunarchive/lib.a(filter_accept_all.o)
                0x00012da8                filter_accept_all
 .text.header_skip
                0x00012dbc        0x4 archival/libunarchive/lib.a(header_skip.o)
                0x00012dbc                header_skip
 .text.chvt_main
                0x00012dc0       0x84 console-tools/lib.a(chvt.o)
                0x00012dc0                chvt_main
 .text.clear_main
                0x00012e44       0x24 console-tools/lib.a(clear.o)
                0x00012e44                clear_main
 .text.deallocvt_main
                0x00012e68       0x64 console-tools/lib.a(deallocvt.o)
                0x00012e68                deallocvt_main
 .text.dumpkmap_main
                0x00012ecc      0x128 console-tools/lib.a(dumpkmap.o)
                0x00012ecc                dumpkmap_main
 .text.loadkmap_main
                0x00012ff4       0xf8 console-tools/lib.a(loadkmap.o)
                0x00012ff4                loadkmap_main
 .text.openvt_main
                0x000130ec       0xbc console-tools/lib.a(openvt.o)
                0x000130ec                openvt_main
 .text.reset_main
                0x000131a8       0x30 console-tools/lib.a(reset.o)
                0x000131a8                reset_main
 .text.resize_main
                0x000131d8      0x140 console-tools/lib.a(resize.o)
                0x000131d8                resize_main
 .text.onintr   0x00013318       0x24 console-tools/lib.a(resize.o)
 .text.setconsole_main
                0x0001333c       0xa0 console-tools/lib.a(setconsole.o)
                0x0001333c                setconsole_main
 .text.setkeycodes_main
                0x000133dc       0xe0 console-tools/lib.a(setkeycodes.o)
                0x000133dc                setkeycodes_main
 .text.setlogcons_main
                0x000134bc       0x70 console-tools/lib.a(setlogcons.o)
                0x000134bc                setlogcons_main
 .text.basename_main
                0x0001352c       0x80 coreutils/lib.a(basename.o)
                0x0001352c                basename_main
 .text.bb_cat   0x000135ac       0x70 coreutils/lib.a(cat.o)
                0x000135ac                bb_cat
 .text.cat_main
                0x0001361c       0x2c coreutils/lib.a(cat.o)
                0x0001361c                cat_main
 .text.catv_main
                0x00013648      0x15c coreutils/lib.a(catv.o)
                0x00013648                catv_main
 .text.chgrp_main
                0x000137a4       0x50 coreutils/lib.a(chgrp.o)
                0x000137a4                chgrp_main
 .text.chmod_main
                0x000137f4      0x128 coreutils/lib.a(chmod.o)
                0x000137f4                chmod_main
 .text.fileAction
                0x0001391c      0x118 coreutils/lib.a(chmod.o)
 .text.chown_main
                0x00013a34      0x118 coreutils/lib.a(chown.o)
                0x00013a34                chown_main
 .text.fileAction
                0x00013b4c       0xcc coreutils/lib.a(chown.o)
 .text.chroot_main
                0x00013c18       0x9c coreutils/lib.a(chroot.o)
                0x00013c18                chroot_main
 .text.cksum_main
                0x00013cb4      0x118 coreutils/lib.a(cksum.o)
                0x00013cb4                cksum_main
 .text.cmp_xfopen_input
                0x00013dcc       0x2c coreutils/lib.a(cmp.o)
 .text.cmp_main
                0x00013df8      0x24c coreutils/lib.a(cmp.o)
                0x00013df8                cmp_main
 .text.cp_main  0x00014044      0x138 coreutils/lib.a(cp.o)
                0x00014044                cp_main
 .text.cmpfunc  0x0001417c       0x10 coreutils/lib.a(cut.o)
 .text.cut_file
                0x0001418c      0x2bc coreutils/lib.a(cut.o)
 .text.cut_main
                0x00014448      0x2bc coreutils/lib.a(cut.o)
                0x00014448                cut_main
 .text.maybe_set_utc
                0x00014704       0x38 coreutils/lib.a(date.o)
 .text.date_main
                0x0001473c      0x4d0 coreutils/lib.a(date.o)
                0x0001473c                date_main
 .text.full_write_or_warn
                0x00014c0c       0x34 coreutils/lib.a(dd.o)
 .text.dd_output_status
                0x00014c40       0x60 coreutils/lib.a(dd.o)
 .text.dd_main  0x00014ca0      0x674 coreutils/lib.a(dd.o)
                0x00014ca0                dd_main
 .text.df_main  0x00015314      0x278 coreutils/lib.a(df.o)
                0x00015314                df_main
 .text.fiddle_sum
                0x0001558c       0x14 coreutils/lib.a(diff.o)
 .text.isqrt    0x000155a0       0x4c coreutils/lib.a(diff.o)
 .text.sort     0x000155ec       0xcc coreutils/lib.a(diff.o)
 .text.dir_strcmp
                0x000156b8        0xc coreutils/lib.a(diff.o)
 .text.newcand  0x000156c4       0x98 coreutils/lib.a(diff.o)
 .text.add_to_dirlist
                0x0001575c       0x68 coreutils/lib.a(diff.o)
 .text.get_dir  0x000157c4      0x114 coreutils/lib.a(diff.o)
 .text.uni_range
                0x000158d8       0x38 coreutils/lib.a(diff.o)
 .text.print_only
                0x00015910       0x28 coreutils/lib.a(diff.o)
 .text.print_status
                0x00015938      0x1c0 coreutils/lib.a(diff.o)
 .text.asciifile
                0x00015af8       0x98 coreutils/lib.a(diff.o)
 .text.skipline
                0x00015b90       0x3c coreutils/lib.a(diff.o)
 .text.prepare  0x00015bcc      0x19c coreutils/lib.a(diff.o)
 .text.fetch    0x00015d68       0xf4 coreutils/lib.a(diff.o)
 .text.dump_unified_vec
                0x00015e5c      0x220 coreutils/lib.a(diff.o)
 .text.change   0x0001607c      0x1f0 coreutils/lib.a(diff.o)
 .text.diffreg  0x0001626c      0xe44 coreutils/lib.a(diff.o)
 .text.do_diff  0x000170b0      0x174 coreutils/lib.a(diff.o)
 .text.diff_main
                0x00017224      0x434 coreutils/lib.a(diff.o)
                0x00017224                diff_main
 .text.dirname_main
                0x00017658       0x28 coreutils/lib.a(dirname.o)
                0x00017658                dirname_main
 .text.convert  0x00017680      0x17c coreutils/lib.a(dos2unix.o)
 .text.dos2unix_main
                0x000177fc       0xac coreutils/lib.a(dos2unix.o)
                0x000177fc                dos2unix_main
 .text.print    0x000178a8       0x38 coreutils/lib.a(du.o)
 .text.du       0x000178e0      0x228 coreutils/lib.a(du.o)
 .text.du_main  0x00017b08      0x1b0 coreutils/lib.a(du.o)
                0x00017b08                du_main
 .text.bb_echo  0x00017cb8       0x9c coreutils/lib.a(echo.o)
                0x00017cb8                bb_echo
 .text.echo_main
                0x00017d54       0x18 coreutils/lib.a(echo.o)
                0x00017d54                echo_main
 .text.env_main
                0x00017d6c      0x168 coreutils/lib.a(env.o)
                0x00017d6c                env_main
 .text.null     0x00017ed4       0x54 coreutils/lib.a(expr.o)
 .text.int_value
                0x00017f28       0x30 coreutils/lib.a(expr.o)
 .text.tostring
                0x00017f58       0x38 coreutils/lib.a(expr.o)
 .text.str_value
                0x00017f90       0x38 coreutils/lib.a(expr.o)
 .text.docolon  0x00017fc8      0x12c coreutils/lib.a(expr.o)
 .text.toarith  0x000180f4       0x74 coreutils/lib.a(expr.o)
 .text.arithmetic_common
                0x00018168      0x104 coreutils/lib.a(expr.o)
 .text.freev    0x0001826c       0x28 coreutils/lib.a(expr.o)
 .text.nextarg  0x00018294       0x3c coreutils/lib.a(expr.o)
 .text.eval6    0x000182d0      0x344 coreutils/lib.a(expr.o)
 .text.eval5    0x00018614       0x6c coreutils/lib.a(expr.o)
 .text.eval4    0x00018680       0xbc coreutils/lib.a(expr.o)
 .text.eval3    0x0001873c       0xa4 coreutils/lib.a(expr.o)
 .text.eval2    0x000187e0      0x1b8 coreutils/lib.a(expr.o)
 .text.eval1    0x00018998       0x98 coreutils/lib.a(expr.o)
 .text.eval     0x00018a30       0x78 coreutils/lib.a(expr.o)
 .text.expr_main
                0x00018aa8       0x84 coreutils/lib.a(expr.o)
                0x00018aa8                expr_main
 .text.false_main
                0x00018b2c        0x8 coreutils/lib.a(false.o)
                0x00018b2c                false_main
 .text.adjust_column
                0x00018b34       0x6c coreutils/lib.a(fold.o)
 .text.fold_main
                0x00018ba0      0x32c coreutils/lib.a(fold.o)
                0x00018ba0                fold_main
 .text.head_main
                0x00018ecc      0x1ec coreutils/lib.a(head.o)
                0x00018ecc                head_main
 .text.hostid_main
                0x000190b8       0x30 coreutils/lib.a(hostid.o)
                0x000190b8                hostid_main
 .text.printf_full
                0x000190e8       0x3c coreutils/lib.a(id.o)
 .text.id_main  0x00019124      0x174 coreutils/lib.a(id.o)
                0x00019124                id_main
 .text.install_main
                0x00019298      0x328 coreutils/lib.a(install.o)
                0x00019298                install_main
 .text.length_main
                0x000195c0       0x40 coreutils/lib.a(length.o)
                0x000195c0                length_main
 .text.ln_main  0x00019600      0x208 coreutils/lib.a(ln.o)
                0x00019600                ln_main
 .text.logname_main
                0x00019808       0x38 coreutils/lib.a(logname.o)
                0x00019808                logname_main
 .text.bgcolor  0x00019840       0x34 coreutils/lib.a(ls.o)
 .text.append_char
                0x00019874       0x64 coreutils/lib.a(ls.o)
 .text.count_dirs
                0x000198d8       0x7c coreutils/lib.a(ls.o)
 .text.sortcmp  0x00019954       0xb4 coreutils/lib.a(ls.o)
 .text.dfree    0x00019a08       0x60 coreutils/lib.a(ls.o)
 .text.my_stat  0x00019a68       0xc8 coreutils/lib.a(ls.o)
 .text.dnalloc  0x00019b30       0x18 coreutils/lib.a(ls.o)
 .text.splitdnarray
                0x00019b48       0xd8 coreutils/lib.a(ls.o)
 .text.fgcolor  0x00019c20       0x50 coreutils/lib.a(ls.o)
 .text.showfiles
                0x00019c70      0x618 coreutils/lib.a(ls.o)
 .text.dnsort   0x0001a288       0x10 coreutils/lib.a(ls.o)
 .text.showdirs
                0x0001a298      0x26c coreutils/lib.a(ls.o)
 .text.ls_main  0x0001a504      0x448 coreutils/lib.a(ls.o)
                0x0001a504                ls_main
 .text.hash_file
                0x0001a94c      0x13c coreutils/lib.a(md5_sha1_sum.o)
 .text.md5_sha1_sum_main
                0x0001aa88      0x25c coreutils/lib.a(md5_sha1_sum.o)
                0x0001aa88                md5_sha1_sum_main
 .text.mkdir_main
                0x0001ace4       0xd8 coreutils/lib.a(mkdir.o)
                0x0001ace4                mkdir_main
 .text.mkfifo_main
                0x0001adbc       0x88 coreutils/lib.a(mkfifo.o)
                0x0001adbc                mkfifo_main
 .text.mknod_main
                0x0001ae44      0x104 coreutils/lib.a(mknod.o)
                0x0001ae44                mknod_main
 .text.mv_main  0x0001af48      0x248 coreutils/lib.a(mv.o)
                0x0001af48                mv_main
 .text.nice_main
                0x0001b190      0x10c coreutils/lib.a(nice.o)
                0x0001b190                nice_main
 .text.nohup_main
                0x0001b29c      0x158 coreutils/lib.a(nohup.o)
                0x0001b29c                nohup_main
 .text.format_address_none
                0x0001b3f4        0x4 coreutils/lib.a(od.o)
 .text.get_lcm  0x0001b3f8       0x94 coreutils/lib.a(od.o)
 .text.parse_old_offset
                0x0001b48c       0x98 coreutils/lib.a(od.o)
 .text.decode_format_string
                0x0001b524      0x43c coreutils/lib.a(od.o)
 .text.print_ascii
                0x0001b960      0x138 coreutils/lib.a(od.o)
 .text.print_named_ascii
                0x0001ba98       0xc8 coreutils/lib.a(od.o)
 .text.format_address_std
                0x0001bb60       0x1c coreutils/lib.a(od.o)
 .text.print_long_double
                0x0001bb7c       0x34 coreutils/lib.a(od.o)
 .text.print_double
                0x0001bbb0       0x34 coreutils/lib.a(od.o)
 .text.print_float
                0x0001bbe4       0x40 coreutils/lib.a(od.o)
 .text.print_long_long
                0x0001bc24       0x34 coreutils/lib.a(od.o)
 .text.print_int
                0x0001bc58       0x34 coreutils/lib.a(od.o)
 .text.print_short
                0x0001bc8c       0x34 coreutils/lib.a(od.o)
 .text.print_s_short
                0x0001bcc0       0x34 coreutils/lib.a(od.o)
 .text.print_char
                0x0001bcf4       0x34 coreutils/lib.a(od.o)
 .text.print_s_char
                0x0001bd28       0x34 coreutils/lib.a(od.o)
 .text.open_next_file
                0x0001bd5c       0xa4 coreutils/lib.a(od.o)
 .text.check_and_close
                0x0001be00       0x90 coreutils/lib.a(od.o)
 .text.read_block
                0x0001be90       0x74 coreutils/lib.a(od.o)
 .text.format_address_paren
                0x0001bf04       0x40 coreutils/lib.a(od.o)
 .text.format_address_label
                0x0001bf44       0x38 coreutils/lib.a(od.o)
 .text.write_block
                0x0001bf7c      0x1d8 coreutils/lib.a(od.o)
 .text.od_main  0x0001c154      0xbfc coreutils/lib.a(od.o)
                0x0001c154                od_main
 .text.printenv_main
                0x0001cd50       0xb8 coreutils/lib.a(printenv.o)
                0x0001cd50                printenv_main
 .text.multiconvert
                0x0001ce08       0x78 coreutils/lib.a(printf.o)
 .text.my_xstrtod
                0x0001ce80       0x24 coreutils/lib.a(printf.o)
 .text.my_xstrtol
                0x0001cea4       0x24 coreutils/lib.a(printf.o)
 .text.my_xstrtoul
                0x0001cec8       0x24 coreutils/lib.a(printf.o)
 .text.conv_strtoul
                0x0001ceec       0x1c coreutils/lib.a(printf.o)
 .text.print_direc
                0x0001cf08      0x270 coreutils/lib.a(printf.o)
 .text.printf_main
                0x0001d178      0x2a0 coreutils/lib.a(printf.o)
                0x0001d178                printf_main
 .text.conv_strtol
                0x0001d418       0x1c coreutils/lib.a(printf.o)
 .text.conv_strtod
                0x0001d434       0x3c coreutils/lib.a(printf.o)
 .text.pwd_main
                0x0001d470       0x30 coreutils/lib.a(pwd.o)
                0x0001d470                pwd_main
 .text.realpath_main
                0x0001d4a0       0x6c coreutils/lib.a(realpath.o)
                0x0001d4a0                realpath_main
 .text.rm_main  0x0001d50c      0x100 coreutils/lib.a(rm.o)
                0x0001d50c                rm_main
 .text.rmdir_main
                0x0001d60c       0xcc coreutils/lib.a(rmdir.o)
                0x0001d60c                rmdir_main
 .text.seq_main
                0x0001d6d8      0x13c coreutils/lib.a(seq.o)
                0x0001d6d8                seq_main
 .text.sleep_main
                0x0001d814       0x34 coreutils/lib.a(sleep.o)
                0x0001d814                sleep_main
 .text.str2u    0x0001d848       0x44 coreutils/lib.a(sort.o)
 .text.add_key  0x0001d88c       0x30 coreutils/lib.a(sort.o)
 .text.get_key  0x0001d8bc      0x2b4 coreutils/lib.a(sort.o)
 .text.compare_keys
                0x0001db70      0x3c8 coreutils/lib.a(sort.o)
 .text.sort_main
                0x0001df38      0x46c coreutils/lib.a(sort.o)
                0x0001df38                sort_main
 .text.mode_type_flag
                0x0001e3a4       0x20 coreutils/lib.a(stty.o)
 .text.set_mode
                0x0001e3c4      0x434 coreutils/lib.a(stty.o)
 .text.set_control_char_or_die
                0x0001e7f8       0xd0 coreutils/lib.a(stty.o)
 .text.find_control
                0x0001e8c8       0x54 coreutils/lib.a(stty.o)
 .text.find_mode
                0x0001e91c       0x54 coreutils/lib.a(stty.o)
 .text.find_param
                0x0001e970       0x38 coreutils/lib.a(stty.o)
 .text.perror_on_device
                0x0001e9a8       0x10 coreutils/lib.a(stty.o)
 .text.wrapf    0x0001e9b8       0xe0 coreutils/lib.a(stty.o)
 .text.display_window_size
                0x0001ea98       0x80 coreutils/lib.a(stty.o)
 .text.set_window_size
                0x0001eb18       0x94 coreutils/lib.a(stty.o)
 .text.display_speed
                0x0001ebac       0x80 coreutils/lib.a(stty.o)
 .text.do_display
                0x0001ec2c      0x22c coreutils/lib.a(stty.o)
 .text.recover_mode
                0x0001ee58       0xcc coreutils/lib.a(stty.o)
 .text.set_speed_or_die
                0x0001ef24       0x48 coreutils/lib.a(stty.o)
 .text.perror_on_device_and_die
                0x0001ef6c       0x10 coreutils/lib.a(stty.o)
 .text.stty_main
                0x0001ef7c      0x560 coreutils/lib.a(stty.o)
                0x0001ef7c                stty_main
 .text.display_recoverable
                0x0001f4dc       0x58 coreutils/lib.a(stty.o)
 .text.sync_main
                0x0001f534       0x20 coreutils/lib.a(sync.o)
                0x0001f534                sync_main
 .text.eat_num  0x0001f554       0x34 coreutils/lib.a(tail.o)
 .text.tail_xprint_header
                0x0001f588       0x2c coreutils/lib.a(tail.o)
 .text.tail_read
                0x0001f5b4       0x98 coreutils/lib.a(tail.o)
 .text.tail_main
                0x0001f64c      0x528 coreutils/lib.a(tail.o)
                0x0001f64c                tail_main
 .text.tee_main
                0x0001fb74      0x15c coreutils/lib.a(tee.o)
                0x0001fb74                tee_main
 .text.t_lex    0x0001fcd0       0x70 coreutils/lib.a(test.o)
 .text.syntax   0x0001fd40       0x54 coreutils/lib.a(test.o)
 .text.getn     0x0001fd94       0x84 coreutils/lib.a(test.o)
 .text.binop    0x0001fe18      0x344 coreutils/lib.a(test.o)
 .text.test_eaccess
                0x0002015c      0x11c coreutils/lib.a(test.o)
 .text.nexpr    0x00020278      0x35c coreutils/lib.a(test.o)
 .text.aexpr    0x000205d4       0x7c coreutils/lib.a(test.o)
 .text.oexpr    0x00020650       0x78 coreutils/lib.a(test.o)
 .text.bb_test  0x000206c8      0x2a0 coreutils/lib.a(test.o)
                0x000206c8                bb_test
 .text.test_main
                0x00020968        0x4 coreutils/lib.a(test.o)
                0x00020968                test_main
 .text.touch_main
                0x0002096c       0xd0 coreutils/lib.a(touch.o)
                0x0002096c                touch_main
 .text.expand   0x00020a3c      0x3e4 coreutils/lib.a(tr.o)
 .text.tr_main  0x00020e20      0x3f8 coreutils/lib.a(tr.o)
                0x00020e20                tr_main
 .text.true_main
                0x00021218        0x8 coreutils/lib.a(true.o)
                0x00021218                true_main
 .text.tty_main
                0x00021220       0x70 coreutils/lib.a(tty.o)
                0x00021220                tty_main
 .text.uname_main
                0x00021290       0xcc coreutils/lib.a(uname.o)
                0x00021290                uname_main
 .text.xgetoptfile_uniq_s
                0x0002135c       0x5c coreutils/lib.a(uniq.o)
 .text.uniq_main
                0x000213b8      0x21c coreutils/lib.a(uniq.o)
                0x000213b8                uniq_main
 .text.usleep_main
                0x000215d4       0x34 coreutils/lib.a(usleep.o)
                0x000215d4                usleep_main
 .text.uudecode_main
                0x00021608      0x1a4 coreutils/lib.a(uudecode.o)
                0x00021608                uudecode_main
 .text.read_stduu
                0x000217ac      0x120 coreutils/lib.a(uudecode.o)
 .text.read_base64
                0x000218cc      0x128 coreutils/lib.a(uudecode.o)
 .text.uuencode_main
                0x000219f4      0x20c coreutils/lib.a(uuencode.o)
                0x000219f4                uuencode_main
 .text.watch_main
                0x00021c00      0x190 coreutils/lib.a(watch.o)
                0x00021c00                watch_main
 .text.wc_main  0x00021d90      0x2a8 coreutils/lib.a(wc.o)
                0x00021d90                wc_main
 .text.who_main
                0x00022038      0x150 coreutils/lib.a(who.o)
                0x00022038                who_main
 .text.whoami_main
                0x00022188       0x34 coreutils/lib.a(whoami.o)
                0x00022188                whoami_main
 .text.yes_main
                0x000221bc       0x5c coreutils/lib.a(yes.o)
                0x000221bc                yes_main
 .text.cp_mv_stat2
                0x00022218       0x68 coreutils/libcoreutils/lib.a(cp_mv_stat.o)
                0x00022218                cp_mv_stat2
 .text.cp_mv_stat
                0x00022280        0xc coreutils/libcoreutils/lib.a(cp_mv_stat.o)
                0x00022280                cp_mv_stat
 .text.getopt_mk_fifo_nod
                0x0002228c       0x58 coreutils/libcoreutils/lib.a(getopt_mk_fifo_nod.o)
                0x0002228c                getopt_mk_fifo_nod
 .text.mktemp_main
                0x000222e4       0xc0 debianutils/lib.a(mktemp.o)
                0x000222e4                mktemp_main
 .text.pipe_progress_main
                0x000223a4       0xa8 debianutils/lib.a(pipe_progress.o)
                0x000223a4                pipe_progress_main
 .text.readlink_main
                0x0002244c       0x98 debianutils/lib.a(readlink.o)
                0x0002244c                readlink_main
 .text.run_parts
                0x000224e4      0x24c debianutils/lib.a(run_parts.o)
 .text.run_parts_main
                0x00022730      0x114 debianutils/lib.a(run_parts.o)
                0x00022730                run_parts_main
 .text.valid_name
                0x00022844       0x48 debianutils/lib.a(run_parts.o)
 .text.check    0x0002288c      0x1a0 debianutils/lib.a(start_stop_daemon.o)
 .text.do_procinit
                0x00022a2c       0xfc debianutils/lib.a(start_stop_daemon.o)
 .text.start_stop_daemon_main
                0x00022b28      0x428 debianutils/lib.a(start_stop_daemon.o)
                0x00022b28                start_stop_daemon_main
 .text.which_main
                0x00022f50       0xcc debianutils/lib.a(which.o)
                0x00022f50                which_main
 .text.change_attributes
                0x0002301c      0x1a4 e2fsprogs/lib.a(chattr.o)
 .text.chattr_main
                0x000231c0      0x1c8 e2fsprogs/lib.a(chattr.o)
                0x000231c0                chattr_main
 .text.chattr_dir_proc
                0x00023388       0x28 e2fsprogs/lib.a(chattr.o)
 .text.print_flags
                0x000233b0       0xb4 e2fsprogs/lib.a(e2fs_lib.o)
                0x000233b0                print_flags
 .text.close_silently
                0x00023464       0x24 e2fsprogs/lib.a(e2fs_lib.o)
 .text.fgetsetflags
                0x00023488       0xac e2fsprogs/lib.a(e2fs_lib.o)
                0x00023488                fgetsetflags
 .text.fgetsetversion
                0x00023534       0x60 e2fsprogs/lib.a(e2fs_lib.o)
                0x00023534                fgetsetversion
 .text.iterate_on_dir
                0x00023594       0xb8 e2fsprogs/lib.a(e2fs_lib.o)
                0x00023594                iterate_on_dir
 .text.signal_cancel
                0x0002364c       0x14 e2fsprogs/lib.a(fsck.o)
 .text.create_fs_device
                0x00023660       0xa0 e2fsprogs/lib.a(fsck.o)
 .text.free_instance
                0x00023700       0x2c e2fsprogs/lib.a(fsck.o)
 .text.parse_word
                0x0002372c       0x50 e2fsprogs/lib.a(fsck.o)
 .text.parse_escape
                0x0002377c       0x5c e2fsprogs/lib.a(fsck.o)
 .text.opt_in_list
                0x000237d8       0x64 e2fsprogs/lib.a(fsck.o)
 .text.ignore   0x0002383c       0xfc e2fsprogs/lib.a(fsck.o)
 .text.base_device
                0x00023938       0xfc e2fsprogs/lib.a(fsck.o)
 .text.kill_all_if_cancel_requested
                0x00023a34       0x70 e2fsprogs/lib.a(fsck.o)
 .text.execute  0x00023aa4      0x21c e2fsprogs/lib.a(fsck.o)
 .text.fsck_device
                0x00023cc0      0x148 e2fsprogs/lib.a(fsck.o)
 .text.wait_one
                0x00023e08      0x1bc e2fsprogs/lib.a(fsck.o)
 .text.wait_many
                0x00023fc4       0x48 e2fsprogs/lib.a(fsck.o)
 .text.check_all
                0x0002400c      0x34c e2fsprogs/lib.a(fsck.o)
 .text.fsck_main
                0x00024358      0x8ec e2fsprogs/lib.a(fsck.o)
                0x00024358                fsck_main
 .text.list_attributes
                0x00024c44       0xd8 e2fsprogs/lib.a(lsattr.o)
 .text.lsattr_args
                0x00024d1c       0x7c e2fsprogs/lib.a(lsattr.o)
 .text.lsattr_main
                0x00024d98       0x5c e2fsprogs/lib.a(lsattr.o)
                0x00024d98                lsattr_main
 .text.lsattr_dir_proc
                0x00024df4      0x104 e2fsprogs/lib.a(lsattr.o)
 .text.exec_actions
                0x00024ef8       0x78 findutils/lib.a(find.o)
 .text.func_type
                0x00024f70       0x1c findutils/lib.a(find.o)
 .text.func_perm
                0x00024f8c       0x68 findutils/lib.a(find.o)
 .text.func_newer
                0x00024ff4       0x18 findutils/lib.a(find.o)
 .text.func_user
                0x0002500c       0x18 findutils/lib.a(find.o)
 .text.func_paren
                0x00025024       0x18 findutils/lib.a(find.o)
 .text.func_prune
                0x0002503c        0x8 findutils/lib.a(find.o)
 .text.func_size
                0x00025044       0x18 findutils/lib.a(find.o)
 .text.plus_minus_num
                0x0002505c       0x14 findutils/lib.a(find.o)
 .text.alloc_action.7149
                0x00025070       0x78 findutils/lib.a(find.o)
 .text.parse_params
                0x000250e8      0x6a8 findutils/lib.a(find.o)
 .text.find_main
                0x00025790      0x1b4 findutils/lib.a(find.o)
                0x00025790                find_main
 .text.func_exec
                0x00025944      0x160 findutils/lib.a(find.o)
 .text.func_mmin
                0x00025aa4       0x88 findutils/lib.a(find.o)
 .text.func_mtime
                0x00025b2c       0x94 findutils/lib.a(find.o)
 .text.func_name
                0x00025bc0       0x40 findutils/lib.a(find.o)
 .text.func_print0
                0x00025c00       0x28 findutils/lib.a(find.o)
 .text.fileAction
                0x00025c28       0xcc findutils/lib.a(find.o)
 .text.func_print
                0x00025cf4       0x18 findutils/lib.a(find.o)
 .text.add_grep_list_data
                0x00025d0c       0x28 findutils/lib.a(grep.o)
 .text.print_line
                0x00025d34       0xfc findutils/lib.a(grep.o)
 .text.grep_file
                0x00025e30      0x3dc findutils/lib.a(grep.o)
 .text.grep_main
                0x0002620c      0x4d8 findutils/lib.a(grep.o)
                0x0002620c                grep_main
 .text.file_action_grep
                0x000266e4       0x8c findutils/lib.a(grep.o)
 .text.xargs_exec
                0x00026770      0x144 findutils/lib.a(xargs.o)
 .text.xargs_main
                0x000268b4      0x2c8 findutils/lib.a(xargs.o)
                0x000268b4                xargs_main
 .text.process0_stdin
                0x00026b7c      0x124 findutils/lib.a(xargs.o)
 .text.process_stdin
                0x00026ca0      0x230 findutils/lib.a(xargs.o)
 .text.halt_main
                0x00026ed0      0x110 init/lib.a(halt.o)
                0x00026ed0                halt_main
 .text.cont_handler
                0x00026fe0       0x14 init/lib.a(init.o)
 .text.loop_forever
                0x00026ff4       0x14 init/lib.a(init.o)
 .text.init_reboot
                0x00027008       0x40 init/lib.a(init.o)
 .text.set_sane_term
                0x00027048       0xac init/lib.a(init.o)
 .text.new_init_action
                0x000270f4       0xc0 init/lib.a(init.o)
 .text.delete_init_action
                0x000271b4       0x48 init/lib.a(init.o)
 .text.message  0x000271fc       0xd0 init/lib.a(init.o)
 .text.parse_inittab
                0x000272cc      0x290 init/lib.a(init.o)
 .text.stop_handler
                0x0002755c       0x4c init/lib.a(init.o)
 .text.shutdown_system
                0x000275a8      0x124 init/lib.a(init.o)
 .text.shutdown_signal
                0x000276cc       0x78 init/lib.a(init.o)
 .text.open_stdio_to_tty
                0x00027744       0xa0 init/lib.a(init.o)
 .text.run      0x000277e4      0x384 init/lib.a(init.o)
 .text.waitfor  0x00027b68       0x5c init/lib.a(init.o)
 .text.run_actions
                0x00027bc4       0xb0 init/lib.a(init.o)
 .text.init_main
                0x00027c74      0x460 init/lib.a(init.o)
                0x00027c74                init_main
 .text.reload_signal
                0x000280d4       0x80 init/lib.a(init.o)
 .text.ctrlaltdel_signal
                0x00028154        0x8 init/lib.a(init.o)
 .text.exec_signal
                0x0002815c      0x130 init/lib.a(init.o)
 .text.mesg_main
                0x0002828c       0xd0 init/lib.a(mesg.o)
                0x0002828c                mesg_main
 .text.bb_ask_confirmation
                0x0002835c       0x54 libbb/lib.a(ask_confirmation.o)
                0x0002835c                bb_ask_confirmation
 .text.get_ug_id
                0x000283b0       0x40 libbb/lib.a(bb_pwd.o)
                0x000283b0                get_ug_id
 .text.bb_getug
                0x000283f0       0x68 libbb/lib.a(bb_pwd.o)
 .text.bb_getpwuid
                0x00028458       0x48 libbb/lib.a(bb_pwd.o)
                0x00028458                bb_getpwuid
 .text.xuname2uid
                0x000284a0       0x2c libbb/lib.a(bb_pwd.o)
                0x000284a0                xuname2uid
 .text.xgroup2gid
                0x000284cc       0x2c libbb/lib.a(bb_pwd.o)
                0x000284cc                xgroup2gid
 .text.bb_getgrgid
                0x000284f8       0x48 libbb/lib.a(bb_pwd.o)
                0x000284f8                bb_getgrgid
 .text.ret_ERANGE
                0x00028540       0x24 libbb/lib.a(bb_strtonum.o)
 .text.handle_errors
                0x00028564       0x74 libbb/lib.a(bb_strtonum.o)
 .text.bb_strtol
                0x000285d8       0x6c libbb/lib.a(bb_strtonum.o)
                0x000285d8                bb_strtol
 .text.bb_strtoul
                0x00028644       0x60 libbb/lib.a(bb_strtonum.o)
                0x00028644                bb_strtoul
 .text.chomp    0x000286a4       0x24 libbb/lib.a(chomp.o)
                0x000286a4                chomp
 .text.index_in_substr_array
                0x000286c8       0x5c libbb/lib.a(compare_string_array.o)
                0x000286c8                index_in_substr_array
 .text.index_in_str_array
                0x00028724       0x40 libbb/lib.a(compare_string_array.o)
                0x00028724                index_in_str_array
 .text.concat_path_file
                0x00028764       0x70 libbb/lib.a(concat_path_file.o)
                0x00028764                concat_path_file
 .text.concat_subpath_file
                0x000287d4       0x44 libbb/lib.a(concat_subpath_file.o)
                0x000287d4                concat_subpath_file
 .text.ask_and_unlink
                0x00028818       0x78 libbb/lib.a(copy_file.o)
 .text.copy_file
                0x00028890      0x67c libbb/lib.a(copy_file.o)
                0x00028890                copy_file
 .text.bb_full_fd_action
                0x00028f0c       0xe8 libbb/lib.a(copyfd.o)
 .text.bb_copyfd_eof
                0x00028ff4        0x8 libbb/lib.a(copyfd.o)
                0x00028ff4                bb_copyfd_eof
 .text.bb_copyfd_size
                0x00028ffc       0x14 libbb/lib.a(copyfd.o)
                0x00028ffc                bb_copyfd_size
 .text.bb_copyfd_exact_size
                0x00029010       0x38 libbb/lib.a(copyfd.o)
                0x00029010                bb_copyfd_exact_size
 .text.crc32_filltable
                0x00029048       0x8c libbb/lib.a(crc32.o)
                0x00029048                crc32_filltable
 .text.device_open
                0x000290d4       0x58 libbb/lib.a(device_open.o)
                0x000290d4                device_open
 .text.bb_error_msg
                0x0002912c       0x34 libbb/lib.a(error_msg.o)
                0x0002912c                bb_error_msg
 .text.sleep_and_die
                0x00029160       0x28 libbb/lib.a(error_msg_and_die.o)
                0x00029160                sleep_and_die
 .text.bb_error_msg_and_die
                0x00029188       0x24 libbb/lib.a(error_msg_and_die.o)
                0x00029188                bb_error_msg_and_die
 .text.execable_file
                0x000291ac       0x58 libbb/lib.a(execable.o)
                0x000291ac                execable_file
 .text.find_execable
                0x00029204       0x90 libbb/lib.a(execable.o)
                0x00029204                find_execable
 .text.fclose_if_not_stdin
                0x00029294       0x20 libbb/lib.a(fclose_nonstdin.o)
                0x00029294                fclose_if_not_stdin
 .text.fflush_stdout_and_exit
                0x000292b4       0x28 libbb/lib.a(fflush_stdout_and_exit.o)
                0x000292b4                fflush_stdout_and_exit
 .text.find_mount_point
                0x000292dc      0x120 libbb/lib.a(find_mount_point.o)
                0x000292dc                find_mount_point
 .text.pidlist_reverse
                0x000293fc       0x68 libbb/lib.a(find_pid_by_name.o)
                0x000293fc                pidlist_reverse
 .text.find_pid_by_name
                0x00029464       0x7c libbb/lib.a(find_pid_by_name.o)
                0x00029464                find_pid_by_name
 .text.find_block_device
                0x000294e0      0x10c libbb/lib.a(find_root_device.o)
                0x000294e0                find_block_device
 .text.full_write
                0x000295ec       0x54 libbb/lib.a(full_write.o)
                0x000295ec                full_write
 .text.get_console_fd
                0x00029640       0xec libbb/lib.a(get_console.o)
                0x00029640                get_console_fd
 .text.bb_get_last_path_component
                0x0002972c       0x4c libbb/lib.a(get_last_path_component.o)
                0x0002972c                bb_get_last_path_component
 .text.bb_get_chunk_from_file
                0x00029778       0xac libbb/lib.a(get_line_from_file.o)
                0x00029778                bb_get_chunk_from_file
 .text.xmalloc_getline
                0x00029824       0x40 libbb/lib.a(get_line_from_file.o)
                0x00029824                xmalloc_getline
 .text.xmalloc_fgets
                0x00029864       0x18 libbb/lib.a(get_line_from_file.o)
                0x00029864                xmalloc_fgets
 .text.getopt32
                0x0002987c      0x558 libbb/lib.a(getopt32.o)
                0x0002987c                getopt32
 .text.make_human_readable_str
                0x00029dd4      0x118 libbb/lib.a(human_readable.o)
                0x00029dd4                make_human_readable_str
 .text.bb_info_msg
                0x00029eec       0x30 libbb/lib.a(info_msg.o)
                0x00029eec                bb_info_msg
 .text.is_in_ino_dev_hashtable
                0x00029f1c       0x80 libbb/lib.a(inode_hash.o)
                0x00029f1c                is_in_ino_dev_hashtable
 .text.reset_ino_dev_hashtable
                0x00029f9c       0x64 libbb/lib.a(inode_hash.o)
                0x00029f9c                reset_ino_dev_hashtable
 .text.add_to_ino_dev_hashtable
                0x0002a000       0x9c libbb/lib.a(inode_hash.o)
                0x0002a000                add_to_ino_dev_hashtable
 .text.is_directory
                0x0002a09c       0x6c libbb/lib.a(isdirectory.o)
                0x0002a09c                is_directory
 .text.last_char_is
                0x0002a108       0x44 libbb/lib.a(last_char_is.o)
                0x0002a108                last_char_is
 .text.llist_unlink
                0x0002a14c       0x50 libbb/lib.a(llist.o)
                0x0002a14c                llist_unlink
 .text.llist_rev
                0x0002a19c       0x28 libbb/lib.a(llist.o)
                0x0002a19c                llist_rev
 .text.llist_pop
                0x0002a1c4       0x30 libbb/lib.a(llist.o)
                0x0002a1c4                llist_pop
 .text.llist_free
                0x0002a1f4       0x3c libbb/lib.a(llist.o)
                0x0002a1f4                llist_free
 .text.llist_add_to_end
                0x0002a230       0x54 libbb/lib.a(llist.o)
                0x0002a230                llist_add_to_end
 .text.llist_add_to
                0x0002a284       0x30 libbb/lib.a(llist.o)
                0x0002a284                llist_add_to
 .text.bb_make_directory
                0x0002a2b4      0x178 libbb/lib.a(make_directory.o)
                0x0002a2b4                bb_make_directory
 .text.bb_makedev
                0x0002a42c       0x54 libbb/lib.a(makedev.o)
                0x0002a42c                bb_makedev
 .text.md5_begin
                0x0002a480       0x50 libbb/lib.a(md5.o)
                0x0002a480                md5_begin
 .text.md5_hash_block
                0x0002a4d0      0x2ac libbb/lib.a(md5.o)
 .text.md5_end  0x0002a77c       0xdc libbb/lib.a(md5.o)
                0x0002a77c                md5_end
 .text.md5_hash
                0x0002a858       0x8c libbb/lib.a(md5.o)
                0x0002a858                md5_hash
 .text.bb_mode_string
                0x0002a8e4       0xb4 libbb/lib.a(mode_string.o)
                0x0002a8e4                bb_mode_string
 .text.bb_parse_mode
                0x0002a998      0x24c libbb/lib.a(parse_mode.o)
                0x0002a998                bb_parse_mode
 .text.bb_perror_msg
                0x0002abe4       0x30 libbb/lib.a(perror_msg.o)
                0x0002abe4                bb_perror_msg
 .text.bb_perror_msg_and_die
                0x0002ac14       0x20 libbb/lib.a(perror_msg_and_die.o)
                0x0002ac14                bb_perror_msg_and_die
 .text.bb_perror_nomsg
                0x0002ac34        0x8 libbb/lib.a(perror_nomsg.o)
                0x0002ac34                bb_perror_nomsg
 .text.bb_perror_nomsg_and_die
                0x0002ac3c        0x8 libbb/lib.a(perror_nomsg_and_die.o)
                0x0002ac3c                bb_perror_nomsg_and_die
 .text.bb_process_escape_sequence
                0x0002ac44       0xcc libbb/lib.a(process_escape_sequence.o)
                0x0002ac44                bb_process_escape_sequence
 .text.clear_cache
                0x0002ad10       0x20 libbb/lib.a(procps.o)
 .text.clear_username_cache
                0x0002ad30       0x28 libbb/lib.a(procps.o)
                0x0002ad30                clear_username_cache
 .text.read_to_buf
                0x0002ad58       0x2c libbb/lib.a(procps.o)
 .text.free_procps_scan
                0x0002ad84       0x24 libbb/lib.a(procps.o)
                0x0002ad84                free_procps_scan
 .text.alloc_procps_scan
                0x0002ada8       0x28 libbb/lib.a(procps.o)
                0x0002ada8                alloc_procps_scan
 .text.procps_scan
                0x0002add0      0x2ac libbb/lib.a(procps.o)
                0x0002add0                procps_scan
 .text.get_cached
                0x0002b07c       0x90 libbb/lib.a(procps.o)
 .text.get_cached_groupname
                0x0002b10c       0x18 libbb/lib.a(procps.o)
                0x0002b10c                get_cached_groupname
 .text.get_cached_username
                0x0002b124       0x18 libbb/lib.a(procps.o)
                0x0002b124                get_cached_username
 .text.safe_read
                0x0002b13c       0x48 libbb/lib.a(read.o)
                0x0002b13c                safe_read
 .text.full_read
                0x0002b184       0x58 libbb/lib.a(read.o)
                0x0002b184                full_read
 .text.read_close
                0x0002b1dc       0x38 libbb/lib.a(read.o)
                0x0002b1dc                read_close
 .text.xmalloc_open_read_close
                0x0002b214       0xb0 libbb/lib.a(read.o)
                0x0002b214                xmalloc_open_read_close
 .text.open_read_close
                0x0002b2c4       0x3c libbb/lib.a(read.o)
                0x0002b2c4                open_read_close
 .text.reads    0x0002b300       0x7c libbb/lib.a(read.o)
                0x0002b300                reads
 .text.xread    0x0002b37c       0x24 libbb/lib.a(read.o)
                0x0002b37c                xread
 .text.xread_char
                0x0002b3a0       0x20 libbb/lib.a(read.o)
                0x0002b3a0                xread_char
 .text.true_action
                0x0002b3c0        0x8 libbb/lib.a(recursive_action.o)
 .text.recursive_action
                0x0002b3c8      0x1e0 libbb/lib.a(recursive_action.o)
                0x0002b3c8                recursive_action
 .text.remove_file
                0x0002b5a8      0x24c libbb/lib.a(remove_file.o)
                0x0002b5a8                remove_file
 .text.safe_strncpy
                0x0002b7f4       0x24 libbb/lib.a(safe_strncpy.o)
                0x0002b7f4                safe_strncpy
 .text.safe_write
                0x0002b818       0x48 libbb/lib.a(safe_write.o)
                0x0002b818                safe_write
 .text.sha1_compile
                0x0002b860      0x254 libbb/lib.a(sha1.o)
 .text.sha1_begin
                0x0002bab4       0x4c libbb/lib.a(sha1.o)
                0x0002bab4                sha1_begin
 .text.sha1_end
                0x0002bb00      0x128 libbb/lib.a(sha1.o)
                0x0002bb00                sha1_end
 .text.sha1_hash
                0x0002bc28       0x80 libbb/lib.a(sha1.o)
                0x0002bc28                sha1_hash
 .text.skip_non_whitespace
                0x0002bca8       0x30 libbb/lib.a(skip_whitespace.o)
                0x0002bca8                skip_non_whitespace
 .text.skip_whitespace
                0x0002bcd8       0x28 libbb/lib.a(skip_whitespace.o)
                0x0002bcd8                skip_whitespace
 .text.tty_baud_to_value
                0x0002bd00       0x54 libbb/lib.a(speed_table.o)
                0x0002bd00                tty_baud_to_value
 .text.tty_value_to_baud
                0x0002bd54       0x44 libbb/lib.a(speed_table.o)
                0x0002bd54                tty_value_to_baud
 .text.get_signame
                0x0002bd98       0x40 libbb/lib.a(u_signal_names.o)
                0x0002bd98                get_signame
 .text.get_signum
                0x0002bdd8       0xb4 libbb/lib.a(u_signal_names.o)
                0x0002bdd8                get_signum
 .text.bb_uuencode
                0x0002be8c       0xb0 libbb/lib.a(uuencode.o)
                0x0002be8c                bb_uuencode
 .text.bb_verror_msg
                0x0002bf3c      0x140 libbb/lib.a(verror_msg.o)
                0x0002bf3c                bb_verror_msg
 .text.bb_vinfo_msg
                0x0002c07c       0x68 libbb/lib.a(vinfo_msg.o)
                0x0002c07c                bb_vinfo_msg
 .text.bb_vperror_msg
                0x0002c0e4       0x34 libbb/lib.a(vperror_msg.o)
                0x0002c0e4                bb_vperror_msg
 .text.bb_warn_ignoring_args
                0x0002c118       0x14 libbb/lib.a(warn_ignoring_args.o)
                0x0002c118                bb_warn_ignoring_args
 .text.fopen_or_warn
                0x0002c12c       0x34 libbb/lib.a(wfopen.o)
                0x0002c12c                fopen_or_warn
 .text.fopen_or_warn_stdin
                0x0002c160       0x50 libbb/lib.a(wfopen_input.o)
                0x0002c160                fopen_or_warn_stdin
 .text.xstrtoul_range_sfx
                0x0002c1b0      0x138 libbb/lib.a(xatonum.o)
                0x0002c1b0                xstrtoul_range_sfx
 .text.xstrtol_range_sfx
                0x0002c2e8       0x8c libbb/lib.a(xatonum.o)
                0x0002c2e8                xstrtol_range_sfx
 .text.xatol    0x0002c374       0x28 libbb/lib.a(xatonum.o)
                0x0002c374                xatol
 .text.xatol_range
                0x0002c39c       0x28 libbb/lib.a(xatonum.o)
                0x0002c39c                xatol_range
 .text.xstrtol_range
                0x0002c3c4       0x1c libbb/lib.a(xatonum.o)
                0x0002c3c4                xstrtol_range
 .text.xatoul_sfx
                0x0002c3e0       0x24 libbb/lib.a(xatonum.o)
                0x0002c3e0                xatoul_sfx
 .text.xatoul   0x0002c404        0x8 libbb/lib.a(xatonum.o)
                0x0002c404                xatoul
 .text.xatoul_range
                0x0002c40c       0x28 libbb/lib.a(xatonum.o)
                0x0002c40c                xatoul_range
 .text.xatou16  0x0002c434       0x28 libbb/lib.a(xatonum.o)
                0x0002c434                xatou16
 .text.xatoul_range_sfx
                0x0002c45c       0x28 libbb/lib.a(xatonum.o)
                0x0002c45c                xatoul_range_sfx
 .text.xstrtoul
                0x0002c484       0x24 libbb/lib.a(xatonum.o)
                0x0002c484                xstrtoul
 .text.xstrtoul_sfx
                0x0002c4a8       0x20 libbb/lib.a(xatonum.o)
                0x0002c4a8                xstrtoul_sfx
 .text.xstrtoul_range
                0x0002c4c8       0x1c libbb/lib.a(xatonum.o)
                0x0002c4c8                xstrtoul_range
 .text.xstrtoull_range_sfx
                0x0002c4e4      0x1a0 libbb/lib.a(xatonum.o)
                0x0002c4e4                xstrtoull_range_sfx
 .text.xatoull_sfx
                0x0002c684       0x30 libbb/lib.a(xatonum.o)
                0x0002c684                xatoull_sfx
 .text.xatoull  0x0002c6b4        0x8 libbb/lib.a(xatonum.o)
                0x0002c6b4                xatoull
 .text.xatoi_u  0x0002c6bc        0xc libbb/lib.a(xatonum.o)
                0x0002c6bc                xatoi_u
 .text.smart_ulltoa5
                0x0002c6c8      0x1c0 libbb/lib.a(xfuncs.o)
                0x0002c6c8                smart_ulltoa5
 .text.utoa_to_buf
                0x0002c888       0x9c libbb/lib.a(xfuncs.o)
                0x0002c888                utoa_to_buf
 .text.itoa_to_buf
                0x0002c924       0x28 libbb/lib.a(xfuncs.o)
                0x0002c924                itoa_to_buf
 .text.utoa     0x0002c94c       0x20 libbb/lib.a(xfuncs.o)
                0x0002c94c                utoa
 .text.itoa     0x0002c96c       0x20 libbb/lib.a(xfuncs.o)
                0x0002c96c                itoa
 .text.bin2hex  0x0002c98c       0x60 libbb/lib.a(xfuncs.o)
                0x0002c98c                bin2hex
 .text.get_terminal_width_height
                0x0002c9ec       0xe8 libbb/lib.a(xfuncs.o)
                0x0002c9ec                get_terminal_width_height
 .text.xstat    0x0002cad4       0x30 libbb/lib.a(xfuncs.o)
                0x0002cad4                xstat
 .text.xlisten  0x0002cb04       0x28 libbb/lib.a(xfuncs.o)
                0x0002cb04                xlisten
 .text.xbind    0x0002cb2c       0x28 libbb/lib.a(xfuncs.o)
                0x0002cb2c                xbind
 .text.xsocket  0x0002cb54       0x28 libbb/lib.a(xfuncs.o)
                0x0002cb54                xsocket
 .text.xdaemon  0x0002cb7c       0x28 libbb/lib.a(xfuncs.o)
                0x0002cb7c                xdaemon
 .text.xopendir
                0x0002cba4       0x24 libbb/lib.a(xfuncs.o)
                0x0002cba4                xopendir
 .text.warn_opendir
                0x0002cbc8       0x34 libbb/lib.a(xfuncs.o)
                0x0002cbc8                warn_opendir
 .text.xchdir   0x0002cbfc       0x24 libbb/lib.a(xfuncs.o)
                0x0002cbfc                xchdir
 .text.xfflush_stdout
                0x0002cc20       0x34 libbb/lib.a(xfuncs.o)
                0x0002cc20                xfflush_stdout
 .text.xasprintf
                0x0002cc54       0x4c libbb/lib.a(xfuncs.o)
                0x0002cc54                xasprintf
 .text.xlseek   0x0002cca0       0x48 libbb/lib.a(xfuncs.o)
                0x0002cca0                xlseek
 .text.fdlength
                0x0002cce8       0xc8 libbb/lib.a(xfuncs.o)
                0x0002cce8                fdlength
 .text.xsetuid  0x0002cdb0       0x28 libbb/lib.a(xfuncs.o)
                0x0002cdb0                xsetuid
 .text.xsetgid  0x0002cdd8       0x28 libbb/lib.a(xfuncs.o)
                0x0002cdd8                xsetgid
 .text.xsetenv  0x0002ce00       0x2c libbb/lib.a(xfuncs.o)
                0x0002ce00                xsetenv
 .text.wait4pid
                0x0002ce2c       0x60 libbb/lib.a(xfuncs.o)
                0x0002ce2c                wait4pid
 .text.spawn    0x0002ce8c       0x78 libbb/lib.a(xfuncs.o)
                0x0002ce8c                spawn
 .text.die_if_ferror
                0x0002cf04       0x24 libbb/lib.a(xfuncs.o)
                0x0002cf04                die_if_ferror
 .text.die_if_ferror_stdout
                0x0002cf28       0x18 libbb/lib.a(xfuncs.o)
                0x0002cf28                die_if_ferror_stdout
 .text.xwrite   0x0002cf40       0x24 libbb/lib.a(xfuncs.o)
                0x0002cf40                xwrite
 .text.ndelay_off
                0x0002cf64       0x28 libbb/lib.a(xfuncs.o)
                0x0002cf64                ndelay_off
 .text.ndelay_on
                0x0002cf8c       0x28 libbb/lib.a(xfuncs.o)
                0x0002cf8c                ndelay_on
 .text.xopen3   0x0002cfb4       0x24 libbb/lib.a(xfuncs.o)
                0x0002cfb4                xopen3
 .text.xopen    0x0002cfd8        0xc libbb/lib.a(xfuncs.o)
                0x0002cfd8                xopen
 .text.bb_sanitize_stdio_maybe_daemonize
                0x0002cfe4       0xac libbb/lib.a(xfuncs.o)
                0x0002cfe4                bb_sanitize_stdio_maybe_daemonize
 .text.bb_daemonize
                0x0002d090        0x8 libbb/lib.a(xfuncs.o)
                0x0002d090                bb_daemonize
 .text.bb_sanitize_stdio
                0x0002d098        0x8 libbb/lib.a(xfuncs.o)
                0x0002d098                bb_sanitize_stdio
 .text.xfopen   0x0002d0a0       0x24 libbb/lib.a(xfuncs.o)
                0x0002d0a0                xfopen
 .text.xstrdup  0x0002d0c4       0x34 libbb/lib.a(xfuncs.o)
                0x0002d0c4                xstrdup
 .text.xrealloc
                0x0002d0f8       0x30 libbb/lib.a(xfuncs.o)
                0x0002d0f8                xrealloc
 .text.xmalloc  0x0002d128       0x30 libbb/lib.a(xfuncs.o)
                0x0002d128                xmalloc
 .text.xstrndup
                0x0002d158       0x5c libbb/lib.a(xfuncs.o)
                0x0002d158                xstrndup
 .text.xzalloc  0x0002d1b4       0x2c libbb/lib.a(xfuncs.o)
                0x0002d1b4                xzalloc
 .text.xrealloc_getcwd_or_warn
                0x0002d1e0       0x7c libbb/lib.a(xgetcwd.o)
                0x0002d1e0                xrealloc_getcwd_or_warn
 .text.xmalloc_realpath
                0x0002d25c        0x8 libbb/lib.a(xreadlink.o)
                0x0002d25c                xmalloc_realpath
 .text.xmalloc_readlink_or_warn
                0x0002d264       0x78 libbb/lib.a(xreadlink.o)
                0x0002d264                xmalloc_readlink_or_warn
 .text.regcomp_or_errmsg
                0x0002d2dc       0x58 libbb/lib.a(xregcomp.o)
                0x0002d2dc                regcomp_or_errmsg
 .text.xregcomp
                0x0002d334       0x2c libbb/lib.a(xregcomp.o)
                0x0002d334                xregcomp
 .text.putpwent
                0x0002d360       0x84 libpwdgrp/lib.a(pwd_grp.o)
                0x0002d360                putpwent
 .text.putgrent
                0x0002d3e4       0xb4 libpwdgrp/lib.a(pwd_grp.o)
                0x0002d3e4                putgrent
 .text.endgrent
                0x0002d498       0x28 libpwdgrp/lib.a(pwd_grp.o)
                0x0002d498                endgrent
 .text.endpwent
                0x0002d4c0       0x28 libpwdgrp/lib.a(pwd_grp.o)
                0x0002d4c0                endpwent
 .text.bb__pgsreader
                0x0002d4e8      0x104 libpwdgrp/lib.a(pwd_grp.o)
 .text.initgroups
                0x0002d5ec      0x114 libpwdgrp/lib.a(pwd_grp.o)
                0x0002d5ec                initgroups
 .text.getgrent_r
                0x0002d700       0x94 libpwdgrp/lib.a(pwd_grp.o)
                0x0002d700                getgrent_r
 .text.getpwent_r
                0x0002d794       0x94 libpwdgrp/lib.a(pwd_grp.o)
                0x0002d794                getpwent_r
 .text.getgrgid_r
                0x0002d828       0xa0 libpwdgrp/lib.a(pwd_grp.o)
                0x0002d828                getgrgid_r
 .text.getgrgid
                0x0002d8c8       0x34 libpwdgrp/lib.a(pwd_grp.o)
                0x0002d8c8                getgrgid
 .text.getpwuid_r
                0x0002d8fc       0xa0 libpwdgrp/lib.a(pwd_grp.o)
                0x0002d8fc                getpwuid_r
 .text.getpwuid
                0x0002d99c       0x34 libpwdgrp/lib.a(pwd_grp.o)
                0x0002d99c                getpwuid
 .text.getgrnam_r
                0x0002d9d0       0xa8 libpwdgrp/lib.a(pwd_grp.o)
                0x0002d9d0                getgrnam_r
 .text.getgrnam
                0x0002da78       0x34 libpwdgrp/lib.a(pwd_grp.o)
                0x0002da78                getgrnam
 .text.getpwnam_r
                0x0002daac       0xa8 libpwdgrp/lib.a(pwd_grp.o)
                0x0002daac                getpwnam_r
 .text.getpwnam
                0x0002db54       0x34 libpwdgrp/lib.a(pwd_grp.o)
                0x0002db54                getpwnam
 .text.fgetgrent_r
                0x0002db88       0x38 libpwdgrp/lib.a(pwd_grp.o)
                0x0002db88                fgetgrent_r
 .text.fgetpwent_r
                0x0002dbc0       0x38 libpwdgrp/lib.a(pwd_grp.o)
                0x0002dbc0                fgetpwent_r
 .text.bb__parsegrent
                0x0002dbf8      0x16c libpwdgrp/lib.a(pwd_grp.o)
 .text.bb__parsepwent
                0x0002dd64       0xac libpwdgrp/lib.a(pwd_grp.o)
 .text.setgrent
                0x0002de10       0x18 libpwdgrp/lib.a(pwd_grp.o)
                0x0002de10                setgrent
 .text.setpwent
                0x0002de28       0x18 libpwdgrp/lib.a(pwd_grp.o)
                0x0002de28                setpwent
 .text.getpw    0x0002de40       0xa0 libpwdgrp/lib.a(pwd_grp.o)
                0x0002de40                getpw
 .text.get_uidgid
                0x0002dee0      0x12c libpwdgrp/lib.a(uidgid_get.o)
                0x0002dee0                get_uidgid
 .text.parse_chown_usergroup_or_die
                0x0002e00c       0xc8 libpwdgrp/lib.a(uidgid_get.o)
                0x0002e00c                parse_chown_usergroup_or_die
 .text.addgroup_main
                0x0002e0d4      0x18c loginutils/lib.a(addgroup.o)
                0x0002e0d4                addgroup_main
 .text.adduser_main
                0x0002e260      0x358 loginutils/lib.a(adduser.o)
                0x0002e260                adduser_main
 .text.del_line_matching
                0x0002e5b8      0x104 loginutils/lib.a(deluser.o)
 .text.deluser_main
                0x0002e6bc       0x54 loginutils/lib.a(deluser.o)
                0x0002e6bc                deluser_main
 .text.bcode    0x0002e710       0x44 loginutils/lib.a(getty.o)
 .text.parse_speeds
                0x0002e754       0x78 loginutils/lib.a(getty.o)
 .text.xdup2    0x0002e7cc       0x24 loginutils/lib.a(getty.o)
 .text.getty_main
                0x0002e7f0      0xacc loginutils/lib.a(getty.o)
                0x0002e7f0                getty_main
 .text.login_main
                0x0002f2bc      0x758 loginutils/lib.a(login.o)
                0x0002f2bc                login_main
 .text.nonblock
                0x0002fa14       0x24 loginutils/lib.a(login.o)
 .text.alarm_handler
                0x0002fa38       0x30 loginutils/lib.a(login.o)
 .text.i64c     0x0002fa68       0x38 loginutils/lib.a(passwd.o)
 .text.crypt_make_salt
                0x0002faa0       0x7c loginutils/lib.a(passwd.o)
 .text.nuke_str
                0x0002fb1c       0x24 loginutils/lib.a(passwd.o)
 .text.passwd_main
                0x0002fb40      0x73c loginutils/lib.a(passwd.o)
                0x0002fb40                passwd_main
 .text.su_main  0x0003027c      0x26c loginutils/lib.a(su.o)
                0x0003027c                su_main
 .text.sulogin_main
                0x000304e8      0x234 loginutils/lib.a(sulogin.o)
                0x000304e8                sulogin_main
 .text.catchalarm
                0x0003071c       0x10 loginutils/lib.a(sulogin.o)
 .text.acquire_vt
                0x0003072c       0x1c loginutils/lib.a(vlock.o)
 .text.release_vt
                0x00030748       0x2c loginutils/lib.a(vlock.o)
 .text.vlock_main
                0x00030774      0x2f8 loginutils/lib.a(vlock.o)
                0x00030774                vlock_main
 .text.show_min_max
                0x00030a6c       0x78 miscutils/lib.a(chrt.o)
 .text.chrt_main
                0x00030ae4      0x200 miscutils/lib.a(chrt.o)
                0x00030ae4                chrt_main
 .text.DeleteFile
                0x00030ce4       0xb4 miscutils/lib.a(crond.o)
 .text.crondlog
                0x00030d98      0x100 miscutils/lib.a(crond.o)
 .text.ParseField
                0x00030e98      0x2b0 miscutils/lib.a(crond.o)
 .text.SynchronizeFile
                0x00031148      0x328 miscutils/lib.a(crond.o)
 .text.SynchronizeDir
                0x00031470      0x100 miscutils/lib.a(crond.o)
 .text.crond_main
                0x00031570      0x6b0 miscutils/lib.a(crond.o)
                0x00031570                crond_main
 .text.ChangeUser
                0x00031c20       0xb0 miscutils/lib.a(crontab.o)
 .text.crontab_main
                0x00031cd0      0x648 miscutils/lib.a(crontab.o)
                0x00031cd0                crontab_main
 .text.get_token
                0x00032318       0x5c miscutils/lib.a(dc.o)
 .text.pop      0x00032374       0x48 miscutils/lib.a(dc.o)
 .text.push     0x000323bc       0x48 miscutils/lib.a(dc.o)
 .text.stack_machine
                0x00032404       0x7c miscutils/lib.a(dc.o)
 .text.dc_main  0x00032480       0xd0 miscutils/lib.a(dc.o)
                0x00032480                dc_main
 .text.not      0x00032550       0x50 miscutils/lib.a(dc.o)
 .text.eor      0x000325a0       0x84 miscutils/lib.a(dc.o)
 .text.or       0x00032624       0x84 miscutils/lib.a(dc.o)
 .text.and      0x000326a8       0x84 miscutils/lib.a(dc.o)
 .text.mod      0x0003272c       0x78 miscutils/lib.a(dc.o)
 .text.divide   0x000327a4       0x30 miscutils/lib.a(dc.o)
 .text.mul      0x000327d4       0x38 miscutils/lib.a(dc.o)
 .text.sub      0x0003280c       0x30 miscutils/lib.a(dc.o)
 .text.add      0x0003283c       0x38 miscutils/lib.a(dc.o)
 .text.set_output_base
                0x00032874       0x50 miscutils/lib.a(dc.o)
 .text.print_base
                0x000328c4       0x54 miscutils/lib.a(dc.o)
 .text.print_no_pop
                0x00032918       0x20 miscutils/lib.a(dc.o)
 .text.print_stack_no_pop
                0x00032938       0x48 miscutils/lib.a(dc.o)
 .text.power    0x00032980       0x30 miscutils/lib.a(dc.o)
 .text.eject_main